Component: ARM Compiler 5.06 update 1 (build 61) Tool: armlink [4d35a8]

==============================================================================

Section Cross References

    startup_stm32f10x_hd.o(STACK) refers (Special) to heapauxi.o(.text) for __use_two_region_memory
    startup_stm32f10x_hd.o(HEAP) refers (Special) to heapauxi.o(.text) for __use_two_region_memory
    startup_stm32f10x_hd.o(RESET) refers (Special) to heapauxi.o(.text) for __use_two_region_memory
    startup_stm32f10x_hd.o(RESET) refers to startup_stm32f10x_hd.o(.text) for Reset_Handler
    startup_stm32f10x_hd.o(RESET) refers to exti.o(i.EXTI3_IRQHandler) for EXTI3_IRQHandler
    startup_stm32f10x_hd.o(RESET) refers to exti.o(i.EXTI4_IRQHandler) for EXTI4_IRQHandler
    startup_stm32f10x_hd.o(RESET) refers to stm32f10x_it.o(i.USB_HP_CAN1_TX_IRQHandler) for USB_HP_CAN1_TX_IRQHandler
    startup_stm32f10x_hd.o(RESET) refers to stm32f10x_it.o(i.USB_LP_CAN1_RX0_IRQHandler) for USB_LP_CAN1_RX0_IRQHandler
    startup_stm32f10x_hd.o(RESET) refers to exti.o(i.EXTI9_5_IRQHandler) for EXTI9_5_IRQHandler
    startup_stm32f10x_hd.o(RESET) refers to timer.o(i.TIM3_IRQHandler) for TIM3_IRQHandler
    startup_stm32f10x_hd.o(RESET) refers to usart.o(i.USART1_IRQHandler) for USART1_IRQHandler
    startup_stm32f10x_hd.o(RESET) refers to usart.o(i.USART2_IRQHandler) for USART2_IRQHandler
    startup_stm32f10x_hd.o(RESET) refers to timer.o(i.TIM5_IRQHandler) for TIM5_IRQHandler
    startup_stm32f10x_hd.o(RESET) refers to timer.o(i.TIM6_IRQHandler) for TIM6_IRQHandler
    startup_stm32f10x_hd.o(.text) refers (Special) to heapauxi.o(.text) for __use_two_region_memory
    startup_stm32f10x_hd.o(.text) refers to startup_stm32f10x_hd.o(STACK) for __initial_sp
    startup_stm32f10x_hd.o(.text) refers to __main.o(!!!main) for __main
    startup_stm32f10x_hd.o(.text) refers to startup_stm32f10x_hd.o(HEAP) for Heap_Mem
    flash.o(i.SPI_FLASH_Write_Disable) refers to spi.o(i.SPI2_ReadWriteByte) for SPI2_ReadWriteByte
    flash.o(i.SPI_FLASH_Write_Enable) refers to spi.o(i.SPI2_ReadWriteByte) for SPI2_ReadWriteByte
    flash.o(i.SPI_FLASH_Write_SR) refers to spi.o(i.SPI2_ReadWriteByte) for SPI2_ReadWriteByte
    flash.o(i.SPI_Flash_Erase_Chip) refers to flash.o(i.SPI_FLASH_Write_Enable) for SPI_FLASH_Write_Enable
    flash.o(i.SPI_Flash_Erase_Chip) refers to flash.o(i.SPI_Flash_Wait_Busy) for SPI_Flash_Wait_Busy
    flash.o(i.SPI_Flash_Erase_Chip) refers to spi.o(i.SPI2_ReadWriteByte) for SPI2_ReadWriteByte
    flash.o(i.SPI_Flash_Erase_Sector) refers to _printf_percent.o(.ARM.Collect$$_printf_percent$$00000000) for _printf_percent
    flash.o(i.SPI_Flash_Erase_Sector) refers to _printf_x.o(.ARM.Collect$$_printf_percent$$0000000C) for _printf_x
    flash.o(i.SPI_Flash_Erase_Sector) refers to _printf_hex_int.o(.text) for _printf_longlong_hex
    flash.o(i.SPI_Flash_Erase_Sector) refers to noretval__2printf.o(.text) for __2printf
    flash.o(i.SPI_Flash_Erase_Sector) refers to flash.o(i.SPI_FLASH_Write_Enable) for SPI_FLASH_Write_Enable
    flash.o(i.SPI_Flash_Erase_Sector) refers to flash.o(i.SPI_Flash_Wait_Busy) for SPI_Flash_Wait_Busy
    flash.o(i.SPI_Flash_Erase_Sector) refers to spi.o(i.SPI2_ReadWriteByte) for SPI2_ReadWriteByte
    flash.o(i.SPI_Flash_Init) refers to spi.o(i.SPI2_Init) for SPI2_Init
    flash.o(i.SPI_Flash_Init) refers to spi.o(i.SPI2_SetSpeed) for SPI2_SetSpeed
    flash.o(i.SPI_Flash_Init) refers to flash.o(i.SPI_Flash_ReadID) for SPI_Flash_ReadID
    flash.o(i.SPI_Flash_Init) refers to flash.o(.data) for SPI_FLASH_TYPE
    flash.o(i.SPI_Flash_PowerDown) refers to spi.o(i.SPI2_ReadWriteByte) for SPI2_ReadWriteByte
    flash.o(i.SPI_Flash_PowerDown) refers to delay.o(i.delay_us) for delay_us
    flash.o(i.SPI_Flash_Read) refers to spi.o(i.SPI2_ReadWriteByte) for SPI2_ReadWriteByte
    flash.o(i.SPI_Flash_ReadID) refers to spi.o(i.SPI2_ReadWriteByte) for SPI2_ReadWriteByte
    flash.o(i.SPI_Flash_ReadSR) refers to spi.o(i.SPI2_ReadWriteByte) for SPI2_ReadWriteByte
    flash.o(i.SPI_Flash_WAKEUP) refers to spi.o(i.SPI2_ReadWriteByte) for SPI2_ReadWriteByte
    flash.o(i.SPI_Flash_WAKEUP) refers to delay.o(i.delay_us) for delay_us
    flash.o(i.SPI_Flash_Wait_Busy) refers to flash.o(i.SPI_Flash_ReadSR) for SPI_Flash_ReadSR
    flash.o(i.SPI_Flash_Write) refers to flash.o(i.SPI_Flash_Read) for SPI_Flash_Read
    flash.o(i.SPI_Flash_Write) refers to flash.o(i.SPI_Flash_Erase_Sector) for SPI_Flash_Erase_Sector
    flash.o(i.SPI_Flash_Write) refers to flash.o(i.SPI_Flash_Write_NoCheck) for SPI_Flash_Write_NoCheck
    flash.o(i.SPI_Flash_Write) refers to flash.o(.bss) for SPI_FLASH_BUFFER
    flash.o(i.SPI_Flash_Write_NoCheck) refers to flash.o(i.SPI_Flash_Write_Page) for SPI_Flash_Write_Page
    flash.o(i.SPI_Flash_Write_Page) refers to flash.o(i.SPI_FLASH_Write_Enable) for SPI_FLASH_Write_Enable
    flash.o(i.SPI_Flash_Write_Page) refers to spi.o(i.SPI2_ReadWriteByte) for SPI2_ReadWriteByte
[...]
    .bss                                     0x2000bd9c   Section      200  usart.o(.bss)
    .bss                                     0x2000be68   Section       16  mass_mal.o(.bss)
    .bss                                     0x2000be78   Section      512  memory.o(.bss)
    .bss                                     0x2000c078   Section      112  usb_bot.o(.bss)
    .bss                                     0x2000c0e8   Section       28  usb_init.o(.bss)
    .bss                                     0x2000c104   Section       32  main.o(.bss)
    file_info                                0x2000c104   Data          32  main.o(.bss)
    .bss                                     0x2000c124   Section       25  fontupd.o(.bss)
    .bss                                     0x2000c13d   Section        9  lower.o(.bss)
    header                                   0x2000c13d   Data           9  lower.o(.bss)
    .bss                                     0x2000c148   Section       96  libspace.o(.bss)
    HEAP                                     0x2000c1a8   Section        0  startup_stm32f10x_hd.o(HEAP)
    STACK                                    0x2000c1a8   Section     2048  startup_stm32f10x_hd.o(STACK)
    Heap_Mem                                 0x2000c1a8   Data           0  startup_stm32f10x_hd.o(HEAP)
    Stack_Mem                                0x2000c1a8   Data        2048  startup_stm32f10x_hd.o(STACK)
    __initial_sp                             0x2000c9a8   Data           0  startup_stm32f10x_hd.o(STACK)
    .ARM.__AT_0x68000000                     0x68000000   Section    204800  malloc.o(.ARM.__AT_0x68000000)
    .ARM.__AT_0x68032000                     0x68032000   Section    12800  malloc.o(.ARM.__AT_0x68032000)

    Global Symbols

    Symbol Name                              Value     Ov Type        Size  Object(Section)

    BuildAttributes$$THM_ISAv4$P$D$K$B$S$PE$A:L22UL41UL21$X:L11$S22US41US21$IEEE1$IW$USESV6$~STKCKD$USESV7$~SHL$OSPACE$ROPI$EBA8$UX$STANDARDLIB$REQ8$PRES8$EABIv2 0x00000000   Number         0  anon$$obj.o ABSOLUTE
    __ARM_use_no_argv                        0x00000000   Number         0  main.o ABSOLUTE
    __ARM_exceptions_init                     - Undefined Weak Reference
    __alloca_initialize                       - Undefined Weak Reference
    __arm_preinit_                            - Undefined Weak Reference
    __cpp_initialize__aeabi_                  - Undefined Weak Reference
    __cxa_finalize                            - Undefined Weak Reference
    __rt_locale                               - Undefined Weak Reference
    __sigvec_lookup                           - Undefined Weak Reference
    _atexit_init                              - Undefined Weak Reference
    _call_atexit_fns                          - Undefined Weak Reference
    _clock_init                               - Undefined Weak Reference
    _fp_trap_init                             - Undefined Weak Reference
    _fp_trap_shutdown                         - Undefined Weak Reference
    _get_lc_collate                           - Undefined Weak Reference
    _get_lc_ctype                             - Undefined Weak Reference
    _get_lc_monetary                          - Undefined Weak Reference
    _get_lc_numeric                           - Undefined Weak Reference
    _get_lc_time                              - Undefined Weak Reference
    _getenv_init                              - Undefined Weak Reference
    _handle_redirection                       - Undefined Weak Reference
    _init_alloc                               - Undefined Weak Reference
    _init_user_alloc                          - Undefined Weak Reference
    _initio                                   - Undefined Weak Reference
    _mutex_acquire                            - Undefined Weak Reference
    _mutex_release                            - Undefined Weak Reference
    _printf_post_padding                      - Undefined Weak Reference
    _printf_pre_padding                       - Undefined Weak Reference
    _printf_truncate_signed                   - Undefined Weak Reference
    _printf_truncate_unsigned                 - Undefined Weak Reference
    _rand_init                                - Undefined Weak Reference
    _signal_finish                            - Undefined Weak Reference
    _signal_init                              - Undefined Weak Reference
    _terminate_alloc                          - Undefined Weak Reference
    _terminate_user_alloc                     - Undefined Weak Reference
    _terminateio                              - Undefined Weak Reference
    __Vectors_Size                           0x00000130   Number         0  startup_stm32f10x_hd.o ABSOLUTE
    __Vectors                                0x08000000   Data           4  startup_stm32f10x_hd.o(RESET)
    __Vectors_End                            0x08000130   Data           0  startup_stm32f10x_hd.o(RESET)
    __main                                   0x08000131   Thumb Code     8  __main.o(!!!main)
    __scatterload                            0x08000139   Thumb Code     0  __scatter.o(!!!scatter)
    __scatterload_rt2                        0x08000139   Thumb Code    44  __scatter.o(!!!scatter)
    __scatterload_rt2_thumb_only             0x08000139   Thumb Code     0  __scatter.o(!!!scatter)
    __scatterload_null                       0x08000147   Thumb Code     0  __scatter.o(!!!scatter)
    __decompress                             0x0800016d   Thumb Code    90  __dczerorl2.o(!!dczerorl2)
    __decompress1                            0x0800016d   Thumb Code     0  __dczerorl2.o(!!dczerorl2)
    __scatterload_zeroinit                   0x080001c9   Thumb Code    28  __scatter_zi.o(!!handler_zi)
    _printf_d                                0x080001e5   Thumb Code     0  _printf_d.o(.ARM.Collect$$_printf_percent$$00000009)
    _printf_percent                          0x080001e5   Thumb Code     0  _printf_percent.o(.ARM.Collect$$_printf_percent$$00000000)
    _printf_x                                0x080001eb   Thumb Code     0  _printf_x.o(.ARM.Collect$$_printf_percent$$0000000C)
    _printf_percent_end                      0x080001f1   Thumb Code     0  _printf_percent_end.o(.ARM.Collect$$_printf_percent$$00000017)
    __rt_lib_init                            0x080001f5   Thumb Code     0  libinit.o(.ARM.Collect$$libinit$$00000000)
    __rt_lib_init_alloca_1                   0x080001f7   Thumb Code     0  libinit2.o(.ARM.Collect$$libinit$$0000002E)
    __rt_lib_init_argv_1                     0x080001f7   Thumb Code     0  libinit2.o(.ARM.Collect$$libinit$$0000002C)
    __rt_lib_init_atexit_1                   0x080001f7   Thumb Code     0  libinit2.o(.ARM.Collect$$libinit$$0000001B)
    __rt_lib_init_clock_1                    0x080001f7   Thumb Code     0  libinit2.o(.ARM.Collect$$libinit$$00000021)
    __rt_lib_init_cpp_1                      0x080001f7   Thumb Code     0  libinit2.o(.ARM.Collect$$libinit$$00000032)
    __rt_lib_init_exceptions_1               0x080001f7   Thumb Code     0  libinit2.o(.ARM.Collect$$libinit$$00000030)
    __rt_lib_init_fp_1                       0x080001f7   Thumb Code     0  libinit2.o(.ARM.Collect$$libinit$$00000002)
    __rt_lib_init_fp_trap_1                  0x080001f7   Thumb Code     0  libinit2.o(.ARM.Collect$$libinit$$0000001F)
    __rt_lib_init_getenv_1                   0x080001f7   Thumb Code     0  libinit2.o(.ARM.Collect$$libinit$$00000023)
    __rt_lib_init_heap_1                     0x080001f7   Thumb Code     0  libinit2.o(.ARM.Collect$$libinit$$0000000A)
    __rt_lib_init_lc_collate_1               0x080001f7   Thumb Code     0  libinit2.o(.ARM.Collect$$libinit$$00000011)
    __rt_lib_init_lc_ctype_1                 0x080001f7   Thumb Code     0  libinit2.o(.ARM.Collect$$libinit$$00000013)
    __rt_lib_init_lc_monetary_1              0x080001f7   Thumb Code     0  libinit2.o(.ARM.Collect$$libinit$$00000015)
    __rt_lib_init_lc_numeric_1               0x080001f7   Thumb Code     0  libinit2.o(.ARM.Collect$$libinit$$00000017)
    __rt_lib_init_lc_time_1                  0x080001f7   Thumb Code     0  libinit2.o(.ARM.Collect$$libinit$$00000019)
    __rt_lib_init_preinit_1                  0x080001f7   Thumb Code     0  libinit2.o(.ARM.Collect$$libinit$$00000004)
    __rt_lib_init_rand_1                     0x080001f7   Thumb Code     0  libinit2.o(.ARM.Collect$$libinit$$0000000E)
    __rt_lib_init_return                     0x080001f7   Thumb Code     0  libinit2.o(.ARM.Collect$$libinit$$00000033)
    __rt_lib_init_signal_1                   0x080001f7   Thumb Code     0  libinit2.o(.ARM.Collect$$libinit$$0000001D)
    __rt_lib_init_stdio_1                    0x080001f7   Thumb Code     0  libinit2.o(.ARM.Collect$$libinit$$00000025)
    __rt_lib_init_user_alloc_1               0x080001f7   Thumb Code     0  libinit2.o(.ARM.Collect$$libinit$$0000000C)
    __rt_lib_shutdown                        0x080001f9   Thumb Code     0  libshutdown.o(.ARM.Collect$$libshutdown$$00000000)
    __rt_lib_shutdown_cpp_1                  0x080001fb   Thumb Code     0  libshutdown2.o(.ARM.Collect$$libshutdown$$00000002)
    __rt_lib_shutdown_fp_trap_1              0x080001fb   Thumb Code     0  libshutdown2.o(.ARM.Collect$$libshutdown$$00000007)
    __rt_lib_shutdown_heap_1                 0x080001fb   Thumb Code     0  libshutdown2.o(.ARM.Collect$$libshutdown$$0000000F)
    __rt_lib_shutdown_return                 0x080001fb   Thumb Code     0  libshutdown2.o(.ARM.Collect$$libshutdown$$00000010)
    __rt_lib_shutdown_signal_1               0x080001fb   Thumb Code     0  libshutdown2.o(.ARM.Collect$$libshutdown$$0000000A)
    __rt_lib_shutdown_stdio_1                0x080001fb   Thumb Code     0  libshutdown2.o(.ARM.Collect$$libshutdown$$00000004)
    __rt_lib_shutdown_user_alloc_1           0x080001fb   Thumb Code     0  libshutdown2.o(.ARM.Collect$$libshutdown$$0000000C)
    __rt_entry                               0x080001fd   Thumb Code     0  __rtentry.o(.ARM.Collect$$rtentry$$00000000)
    __rt_entry_presh_1                       0x080001fd   Thumb Code     0  __rtentry2.o(.ARM.Collect$$rtentry$$00000002)
    __rt_entry_sh                            0x080001fd   Thumb Code     0  __rtentry4.o(.ARM.Collect$$rtentry$$00000004)
    __rt_entry_li                            0x08000203   Thumb Code     0  __rtentry2.o(.ARM.Collect$$rtentry$$0000000A)
    __rt_entry_postsh_1                      0x08000203   Thumb Code     0  __rtentry2.o(.ARM.Collect$$rtentry$$00000009)
    __rt_entry_main                          0x08000207   Thumb Code     0  __rtentry2.o(.ARM.Collect$$rtentry$$0000000D)
    __rt_entry_postli_1                      0x08000207   Thumb Code     0  __rtentry2.o(.ARM.Collect$$rtentry$$0000000C)
    __rt_exit                                0x0800020f   Thumb Code     0  rtexit.o(.ARM.Collect$$rtexit$$00000000)
    __rt_exit_ls                             0x08000211   Thumb Code     0  rtexit2.o(.ARM.Collect$$rtexit$$00000003)
    __rt_exit_prels_1                        0x08000211   Thumb Code     0  rtexit2.o(.ARM.Collect$$rtexit$$00000002)
    __rt_exit_exit                           0x08000215   Thumb Code     0  rtexit2.o(.ARM.Collect$$rtexit$$00000004)
    SystemInit_ExtMemCtl                     0x0800021d   Thumb Code     2  startup_stm32f10x_hd.o(.text)
    Reset_Handler                            0x0800021f   Thumb Code    14  startup_stm32f10x_hd.o(.text)
    NMI_Handler                              0x0800022d   Thumb Code     2  startup_stm32f10x_hd.o(.text)
    HardFault_Handler                        0x0800022f   Thumb Code     2  startup_stm32f10x_hd.o(.text)
    MemManage_Handler                        0x08000231   Thumb Code     2  startup_stm32f10x_hd.o(.text)
    BusFault_Handler                         0x08000233   Thumb Code     2  startup_stm32f10x_hd.o(.text)
    UsageFault_Handler                       0x08000235   Thumb Code     2  startup_stm32f10x_hd.o(.text)
    SVC_Handler                              0x08000237   Thumb Code     2  startup_stm32f10x_hd.o(.text)
    DebugMon_Handler                         0x08000239   Thumb Code     2  startup_stm32f10x_hd.o(.text)
    PendSV_Handler                           0x0800023b   Thumb Code     2  startup_stm32f10x_hd.o(.text)
    SysTick_Handler                          0x0800023d   Thumb Code     2  startup_stm32f10x_hd.o(.text)
    ADC1_2_IRQHandler                        0x0800023f   Thumb Code     0  startup_stm32f10x_hd.o(.text)
    ADC3_IRQHandler                          0x0800023f   Thumb Code     0  startup_stm32f10x_hd.o(.text)
    CAN1_RX1_IRQHandler                      0x0800023f   Thumb Code     0  startup_stm32f10x_hd.o(.text)
    CAN1_SCE_IRQHandler                      0x0800023f   Thumb Code     0  startup_stm32f10x_hd.o(.text)
    DMA1_Channel1_IRQHandler                 0x0800023f   Thumb Code     0  startup_stm32f10x_hd.o(.text)
    DMA1_Channel2_IRQHandler                 0x0800023f   Thumb Code     0  startup_stm32f10x_hd.o(.text)
    DMA1_Channel3_IRQHandler                 0x0800023f   Thumb Code     0  startup_stm32f10x_hd.o(.text)
    DMA1_Channel4_IRQHandler                 0x0800023f   Thumb Code     0  startup_stm32f10x_hd.o(.text)
    DMA1_Channel5_IRQHandler                 0x0800023f   Thumb Code     0  startup_stm32f10x_hd.o(.text)
    DMA1_Channel6_IRQHandler                 0x0800023f   Thumb Code     0  startup_stm32f10x_hd.o(.text)
    DMA1_Channel7_IRQHandler                 0x0800023f   Thumb Code     0  startup_stm32f10x_hd.o(.text)
    DMA2_Channel1_IRQHandler                 0x0800023f   Thumb Code     0  startup_stm32f10x_hd.o(.text)
    DMA2_Channel2_IRQHandler                 0x0800023f   Thumb Code     0  startup_stm32f10x_hd.o(.text)
    DMA2_Channel3_IRQHandler                 0x0800023f   Thumb Code     0  startup_stm32f10x_hd.o(.text)
    DMA2_Channel4_5_IRQHandler               0x0800023f   Thumb Code     0  startup_stm32f10x_hd.o(.text)
    EXTI0_IRQHandler                         0x0800023f   Thumb Code     0  startup_stm32f10x_hd.o(.text)
    EXTI15_10_IRQHandler                     0x0800023f   Thumb Code     0  startup_stm32f10x_hd.o(.text)
    EXTI1_IRQHandler                         0x0800023f   Thumb Code     0  startup_stm32f10x_hd.o(.text)
    EXTI2_IRQHandler                         0x0800023f   Thumb Code     0  startup_stm32f10x_hd.o(.text)
    FLASH_IRQHandler                         0x0800023f   Thumb Code     0  startup_stm32f10x_hd.o(.text)
    FSMC_IRQHandler                          0x0800023f   Thumb Code     0  startup_stm32f10x_hd.o(.text)
    I2C1_ER_IRQHandler                       0x0800023f   Thumb Code     0  startup_stm32f10x_hd.o(.text)
    I2C1_EV_IRQHandler                       0x0800023f   Thumb Code     0  startup_stm32f10x_hd.o(.text)
    I2C2_ER_IRQHandler                       0x0800023f   Thumb Code     0  startup_stm32f10x_hd.o(.text)
    I2C2_EV_IRQHandler                       0x0800023f   Thumb Code     0  startup_stm32f10x_hd.o(.text)
    PVD_IRQHandler                           0x0800023f   Thumb Code     0  startup_stm32f10x_hd.o(.text)
    RCC_IRQHandler                           0x0800023f   Thumb Code     0  startup_stm32f10x_hd.o(.text)
    RTCAlarm_IRQHandler                      0x0800023f   Thumb Code     0  startup_stm32f10x_hd.o(.text)
    RTC_IRQHandler                           0x0800023f   Thumb Code     0  startup_stm32f10x_hd.o(.text)
    SDIO_IRQHandler                          0x0800023f   Thumb Code     0  startup_stm32f10x_hd.o(.text)
    SPI1_IRQHandler                          0x0800023f   Thumb Code     0  startup_stm32f10x_hd.o(.text)
    SPI2_IRQHandler                          0x0800023f   Thumb Code     0  startup_stm32f10x_hd.o(.text)
    SPI3_IRQHandler                          0x0800023f   Thumb Code     0  startup_stm32f10x_hd.o(.text)
    TAMPER_IRQHandler                        0x0800023f   Thumb Code     0  startup_stm32f10x_hd.o(.text)
    TIM1_BRK_IRQHandler                      0x0800023f   Thumb Code     0  startup_stm32f10x_hd.o(.text)
    TIM1_CC_IRQHandler                       0x0800023f   Thumb Code     0  startup_stm32f10x_hd.o(.text)
    TIM1_TRG_COM_IRQHandler                  0x0800023f   Thumb Code     0  startup_stm32f10x_hd.o(.text)
    TIM1_UP_IRQHandler                       0x0800023f   Thumb Code     0  startup_stm32f10x_hd.o(.text)
    TIM2_IRQHandler                          0x0800023f   Thumb Code     0  startup_stm32f10x_hd.o(.text)
    TIM4_IRQHandler                          0x0800023f   Thumb Code     0  startup_stm32f10x_hd.o(.text)
    TIM7_IRQHandler                          0x0800023f   Thumb Code     0  startup_stm32f10x_hd.o(.text)
    TIM8_BRK_IRQHandler                      0x0800023f   Thumb Code     0  startup_stm32f10x_hd.o(.text)
    TIM8_CC_IRQHandler                       0x0800023f   Thumb Code     0  startup_stm32f10x_hd.o(.text)
    TIM8_TRG_COM_IRQHandler                  0x0800023f   Thumb Code     0  startup_stm32f10x_hd.o(.text)
    TIM8_UP_IRQHandler                       0x0800023f   Thumb Code     0  startup_stm32f10x_hd.o(.text)
    UART4_IRQHandler                         0x0800023f   Thumb Code     0  startup_stm32f10x_hd.o(.text)
    UART5_IRQHandler                         0x0800023f   Thumb Code     0  startup_stm32f10x_hd.o(.text)
    USART3_IRQHandler                        0x0800023f   Thumb Code     0  startup_stm32f10x_hd.o(.text)
    USBWakeUp_IRQHandler                     0x0800023f   Thumb Code     0  startup_stm32f10x_hd.o(.text)
    WWDG_IRQHandler                          0x0800023f   Thumb Code     0  startup_stm32f10x_hd.o(.text)
    __user_initial_stackheap                 0x08000241   Thumb Code     0  startup_stm32f10x_hd.o(.text)
    __use_no_semihosting                     0x08000265   Thumb Code     2  use_no_semi_2.o(.text)
    __aeabi_ldivmod                          0x08000267   Thumb Code     0  llsdiv.o(.text)
    _ll_sdiv                                 0x08000267   Thumb Code    72  llsdiv.o(.text)
    __2printf                                0x080002b1   Thumb Code    20  noretval__2printf.o(.text)
    __printf                                 0x080002c9   Thumb Code   104  __printf.o(.text)
    _printf_int_dec                          0x08000331   Thumb Code   104  _printf_dec.o(.text)
    _printf_int_hex                          0x080003a9   Thumb Code    84  _printf_hex_int.o(.text)
    _printf_longlong_hex                     0x080003a9   Thumb Code     0  _printf_hex_int.o(.text)
    memcmp                                   0x08000401   Thumb Code    88  memcmp.o(.text)
    __aeabi_memcpy                           0x08000459   Thumb Code     0  rt_memcpy_v6.o(.text)
    __rt_memcpy                              0x08000459   Thumb Code   138  rt_memcpy_v6.o(.text)
    _memcpy_lastbytes                        0x080004bf   Thumb Code     0  rt_memcpy_v6.o(.text)
    __use_two_region_memory                  0x080004e3   Thumb Code     2  heapauxi.o(.text)
    __rt_heap_escrow$2region                 0x080004e5   Thumb Code     2  heapauxi.o(.text)
    __rt_heap_expand$2region                 0x080004e7   Thumb Code     2  heapauxi.o(.text)
    __I$use$semihosting                      0x080004e9   Thumb Code     0  use_no_semi.o(.text)
    __use_no_semihosting_swi                 0x080004e9   Thumb Code     2  use_no_semi.o(.text)
    __aeabi_uldivmod                         0x080004eb   Thumb Code     0  lludivv7m.o(.text)
    _ll_udiv                                 0x080004eb   Thumb Code   238  lludivv7m.o(.text)
    _printf_int_common                       0x080005d9   Thumb Code   178  _printf_intcommon.o(.text)
    _printf_char_file                        0x0800068d   Thumb Code    32  _printf_char_file.o(.text)
    __aeabi_memcpy4                          0x080006b1   Thumb Code     0  rt_memcpy_w.o(.text)
    __aeabi_memcpy8                          0x080006b1   Thumb Code     0  rt_memcpy_w.o(.text)
    __rt_memcpy_w                            0x080006b1   Thumb Code   100  rt_memcpy_w.o(.text)
    _memcpy_lastbytes_aligned                0x080006f9   Thumb Code     0  rt_memcpy_w.o(.text)
    _printf_char_common                      0x0800071f   Thumb Code    32  _printf_char_common.o(.text)
    ferror                                   0x08000745   Thumb Code     8  ferror.o(.text)
    __user_setup_stackheap                   0x0800074d   Thumb Code    74  sys_stackheap_outer.o(.text)
    exit                                     0x08000797   Thumb Code    18  exit.o(.text)
    __user_libspace                          0x080007a9   Thumb Code     8  libspace.o(.text)
    __user_perproc_libspace                  0x080007a9   Thumb Code     0  libspace.o(.text)
    __user_perthread_libspace                0x080007a9   Thumb Code     0  libspace.o(.text)
    Bot_Abort                                0x080007b1   Thumb Code    64  usb_bot.o(i.Bot_Abort)
    ByteSwap                                 0x080007f1   Thumb Code    12  usb_regs.o(i.ByteSwap)
    CBW_Decode                               0x080007fd   Thumb Code   676  usb_bot.o(i.CBW_Decode)
    CTR_HP                                   0x08000ac1   Thumb Code   174  usb_int.o(i.CTR_HP)
    CTR_LP                                   0x08000b89   Thumb Code   774  usb_int.o(i.CTR_LP)
    ClearDTOG_RX                             0x08000eb1   Thumb Code    46  usb_regs.o(i.ClearDTOG_RX)
    ClearDTOG_TX                             0x08000ee5   Thumb Code    46  usb_regs.o(i.ClearDTOG_TX)
    Clear_Status_Out                         0x08000f19   Thumb Code    28  usb_regs.o(i.Clear_Status_Out)
    EP1_IN_Callback                          0x0800134d   Thumb Code     8  usb_endp.o(i.EP1_IN_Callback)
    EP2_OUT_Callback                         0x08001355   Thumb Code     8  usb_endp.o(i.EP2_OUT_Callback)
    EXTI3_IRQHandler                         0x0800135d   Thumb Code    28  exti.o(i.EXTI3_IRQHandler)
    EXTI4_IRQHandler                         0x08001385   Thumb Code    28  exti.o(i.EXTI4_IRQHandler)
    EXTI9_5_IRQHandler                       0x080013ad   Thumb Code    28  exti.o(i.EXTI9_5_IRQHandler)
    EXTIX_Init                               0x080013d5   Thumb Code   122  exti.o(i.EXTIX_Init)
    Ex_NVIC_Config                           0x08001461   Thumb Code   146  sys.o(i.Ex_NVIC_Config)
    GetEPRxAddr                              0x08001501   Thumb Code    24  usb_regs.o(i.GetEPRxAddr)
    GetEPRxCount                             0x08001521   Thumb Code    26  usb_regs.o(i.GetEPRxCount)
    GetEPTxAddr                              0x08001545   Thumb Code    22  usb_regs.o(i.GetEPTxAddr)
    Get_Max_Lun                              0x08001565   Thumb Code    20  usb_prop.o(i.Get_Max_Lun)
    Get_SerialNum                            0x08001581   Thumb Code    62  hw_config.o(i.Get_SerialNum)
    In0_Process                              0x080015c9   Thumb Code    98  usb_core.o(i.In0_Process)
    LED_Init                                 0x08001639   Thumb Code    52  led.o(i.LED_Init)
    Led_RW_OFF                               0x08001675   Thumb Code     8  hw_config.o(i.Led_RW_OFF)
    Led_RW_ON                                0x08001681   Thumb Code     8  hw_config.o(i.Led_RW_ON)
    MAL_GetStatus                            0x0800168d   Thumb Code    30  mass_mal.o(i.MAL_GetStatus)
    MAL_Read                                 0x080016ab   Thumb Code    66  mass_mal.o(i.MAL_Read)
    MAL_Write                                0x080016ed   Thumb Code    66  mass_mal.o(i.MAL_Write)
    MASS_Data_Setup                          0x08001731   Thumb Code    86  usb_prop.o(i.MASS_Data_Setup)
    MASS_GetConfigDescriptor                 0x08001791   Thumb Code    14  usb_prop.o(i.MASS_GetConfigDescriptor)
    MASS_GetDeviceDescriptor                 0x080017a5   Thumb Code    14  usb_prop.o(i.MASS_GetDeviceDescriptor)
    MASS_GetStringDescriptor                 0x080017b9   Thumb Code    32  usb_prop.o(i.MASS_GetStringDescriptor)
    MASS_Get_Interface_Setting               0x080017e1   Thumb Code    22  usb_prop.o(i.MASS_Get_Interface_Setting)
    MASS_NoData_Setup                        0x080017f9   Thumb Code    76  usb_prop.o(i.MASS_NoData_Setup)
    MASS_Reset                               0x08001855   Thumb Code   208  usb_prop.o(i.MASS_Reset)
    MASS_Status_In                           0x08001945   Thumb Code     2  usb_prop.o(i.MASS_Status_In)
    MASS_Status_Out                          0x08001947   Thumb Code     2  usb_prop.o(i.MASS_Status_Out)
    MASS_init                                0x08001949   Thumb Code    50  usb_prop.o(i.MASS_init)
    MYRCC_DeInit                             0x0800198d   Thumb Code    90  sys.o(i.MYRCC_DeInit)
    MY_NVIC_Init                             0x080019f5   Thumb Code   144  sys.o(i.MY_NVIC_Init)
    MY_NVIC_PriorityGroupConfig              0x08001a8d   Thumb Code    32  sys.o(i.MY_NVIC_PriorityGroupConfig)
    MY_NVIC_SetVectorTable                   0x08001ab5   Thumb Code    12  sys.o(i.MY_NVIC_SetVectorTable)
    Mass_Storage_ClearFeature                0x08001ac9   Thumb Code    20  usb_prop.o(i.Mass_Storage_ClearFeature)
    Mass_Storage_In                          0x08001ae5   Thumb Code   124  usb_bot.o(i.Mass_Storage_In)
    Mass_Storage_Out                         0x08001b75   Thumb Code   152  usb_bot.o(i.Mass_Storage_Out)
    Mass_Storage_SetConfiguration            0x08001c29   Thumb Code    36  usb_prop.o(i.Mass_Storage_SetConfiguration)
    Mass_Storage_SetDeviceAddress            0x08001c59   Thumb Code     8  usb_prop.o(i.Mass_Storage_SetDeviceAddress)
    NOP_Process                              0x08001c65   Thumb Code     2  usb_core.o(i.NOP_Process)
    Out0_Process                             0x08001dad   Thumb Code    70  usb_core.o(i.Out0_Process)
    PMAToUserBufferCopy                      0x08001dfd   Thumb Code    34  usb_mem.o(i.PMAToUserBufferCopy)
    Post0_Process                            0x08001e25   Thumb Code    54  usb_core.o(i.Post0_Process)
    PowerOn                                  0x08001e6d   Thumb Code    54  usb_pwr.o(i.PowerOn)
    Read_Memory                              0x08001ead   Thumb Code   252  memory.o(i.Read_Memory)
    SCSI_Address_Management                  0x08001fd1   Thumb Code   126  usb_scsi.o(i.SCSI_Address_Management)
    SCSI_Format_Cmd                          0x0800205d   Thumb Code    44  usb_scsi.o(i.SCSI_Format_Cmd)
    SCSI_Inquiry_Cmd                         0x0800208d   Thumb Code    54  usb_scsi.o(i.SCSI_Inquiry_Cmd)
    SCSI_Invalid_Cmd                         0x080020d5   Thumb Code    64  usb_scsi.o(i.SCSI_Invalid_Cmd)
    SCSI_ModeSense10_Cmd                     0x08002119   Thumb Code    14  usb_scsi.o(i.SCSI_ModeSense10_Cmd)
    SCSI_ModeSense6_Cmd                      0x0800212d   Thumb Code    14  usb_scsi.o(i.SCSI_ModeSense6_Cmd)
    SCSI_Read10_Cmd                          0x08002141   Thumb Code   110  usb_scsi.o(i.SCSI_Read10_Cmd)
    SCSI_ReadCapacity10_Cmd                  0x080021b9   Thumb Code   138  usb_scsi.o(i.SCSI_ReadCapacity10_Cmd)
    SCSI_ReadFormatCapacity_Cmd              0x08002255   Thumb Code   120  usb_scsi.o(i.SCSI_ReadFormatCapacity_Cmd)
    SCSI_RequestSense_Cmd                    0x080022dd   Thumb Code    30  usb_scsi.o(i.SCSI_RequestSense_Cmd)
    SCSI_Start_Stop_Unit_Cmd                 0x08002305   Thumb Code    14  usb_scsi.o(i.SCSI_Start_Stop_Unit_Cmd)
    SCSI_TestUnitReady_Cmd                   0x08002315   Thumb Code    52  usb_scsi.o(i.SCSI_TestUnitReady_Cmd)
    SCSI_Verify10_Cmd                        0x0800234d   Thumb Code    58  usb_scsi.o(i.SCSI_Verify10_Cmd)
    SCSI_Write10_Cmd                         0x0800238d   Thumb Code   110  usb_scsi.o(i.SCSI_Write10_Cmd)
    SD_DisSelect                             0x08002405   Thumb Code    16  mmc_sd.o(i.SD_DisSelect)
    SD_GetCSD                                0x08002419   Thumb Code    42  mmc_sd.o(i.SD_GetCSD)
    SD_GetResponse                           0x08002443   Thumb Code    38  mmc_sd.o(i.SD_GetResponse)
    SD_GetSectorCount                        0x08002469   Thumb Code   118  mmc_sd.o(i.SD_GetSectorCount)
    SD_Initialize                            0x080024e1   Thumb Code   386  mmc_sd.o(i.SD_Initialize)
    SD_ReadDisk                              0x08002669   Thumb Code   112  mmc_sd.o(i.SD_ReadDisk)
    SD_RecvData                              0x080026dd   Thumb Code    56  mmc_sd.o(i.SD_RecvData)
    SD_SPI_Init                              0x08002715   Thumb Code   154  mmc_sd.o(i.SD_SPI_Init)
    SD_SPI_ReadWriteByte                     0x080027c5   Thumb Code    12  mmc_sd.o(i.SD_SPI_ReadWriteByte)
    SD_SPI_SpeedHigh                         0x080027d1   Thumb Code    10  mmc_sd.o(i.SD_SPI_SpeedHigh)
    SD_SPI_SpeedLow                          0x080027db   Thumb Code    10  mmc_sd.o(i.SD_SPI_SpeedLow)
    SD_Select                                0x080027e5   Thumb Code    26  mmc_sd.o(i.SD_Select)
    SD_SendBlock                             0x08002805   Thumb Code    82  mmc_sd.o(i.SD_SendBlock)
    SD_SendCmd                               0x08002857   Thumb Code   120  mmc_sd.o(i.SD_SendCmd)
    SD_WaitReady                             0x080028cf   Thumb Code    34  mmc_sd.o(i.SD_WaitReady)
    SD_WriteDisk                             0x080028f1   Thumb Code   140  mmc_sd.o(i.SD_WriteDisk)
    SPI2_Init                                0x08002981   Thumb Code   162  spi.o(i.SPI2_Init)
    SPI2_ReadWriteByte                       0x08002a35   Thumb Code    82  spi.o(i.SPI2_ReadWriteByte)
    SPI2_SetSpeed                            0x08002a8d   Thumb Code    40  spi.o(i.SPI2_SetSpeed)
    SPI_FLASH_Write_Enable                   0x08002ab9   Thumb Code    24  flash.o(i.SPI_FLASH_Write_Enable)
    SPI_Flash_Erase_Sector                   0x08002ad9   Thumb Code    70  flash.o(i.SPI_Flash_Erase_Sector)
    SPI_Flash_Init                           0x08002b31   Thumb Code   162  flash.o(i.SPI_Flash_Init)
    SPI_Flash_Read                           0x08002be9   Thumb Code    74  flash.o(i.SPI_Flash_Read)
    SPI_Flash_ReadID                         0x08002c39   Thumb Code    64  flash.o(i.SPI_Flash_ReadID)
    SPI_Flash_ReadSR                         0x08002c81   Thumb Code    36  flash.o(i.SPI_Flash_ReadSR)
    SPI_Flash_Wait_Busy                      0x08002cad   Thumb Code    18  flash.o(i.SPI_Flash_Wait_Busy)
    SPI_Flash_Write                          0x08002cc1   Thumb Code   180  flash.o(i.SPI_Flash_Write)
    SPI_Flash_Write_NoCheck                  0x08002d79   Thumb Code    70  flash.o(i.SPI_Flash_Write_NoCheck)
    SPI_Flash_Write_Page                     0x08002dc1   Thumb Code    80  flash.o(i.SPI_Flash_Write_Page)
    SetBTABLE                                0x08002e15   Thumb Code    12  usb_regs.o(i.SetBTABLE)
    SetDeviceAddress                         0x08002e25   Thumb Code    62  usb_core.o(i.SetDeviceAddress)
    SetEPRxAddr                              0x08002e71   Thumb Code    26  usb_regs.o(i.SetEPRxAddr)
    SetEPRxCount                             0x08002e95   Thumb Code    68  usb_regs.o(i.SetEPRxCount)
    SetEPRxStatus                            0x08002ee1   Thumb Code    52  usb_regs.o(i.SetEPRxStatus)
    SetEPRxValid                             0x08002f19   Thumb Code    38  usb_regs.o(i.SetEPRxValid)
    SetEPTxAddr                              0x08002f45   Thumb Code    24  usb_regs.o(i.SetEPTxAddr)
    SetEPTxCount                             0x08002f65   Thumb Code    20  usb_regs.o(i.SetEPTxCount)
    SetEPTxStatus                            0x08002f81   Thumb Code    52  usb_regs.o(i.SetEPTxStatus)
    SetEPType                                0x08002fb9   Thumb Code    32  usb_regs.o(i.SetEPType)
    Set_CSW                                  0x08002fdd   Thumb Code    54  usb_bot.o(i.Set_CSW)
    Set_Scsi_Sense_Data                      0x08003021   Thumb Code     8  usb_scsi.o(i.Set_Scsi_Sense_Data)
    Set_USBClock                             0x0800302d   Thumb Code    24  hw_config.o(i.Set_USBClock)
    Setup0_Process                           0x08003049   Thumb Code   162  usb_core.o(i.Setup0_Process)
    Standard_ClearFeature                    0x080030f9   Thumb Code   326  usb_core.o(i.Standard_ClearFeature)
    Standard_GetConfiguration                0x08003255   Thumb Code    34  usb_core.o(i.Standard_GetConfiguration)
    Standard_GetDescriptorData               0x08003281   Thumb Code    32  usb_core.o(i.Standard_GetDescriptorData)
    Standard_GetInterface                    0x080032a5   Thumb Code    34  usb_core.o(i.Standard_GetInterface)
    Standard_GetStatus                       0x080032d1   Thumb Code   224  usb_core.o(i.Standard_GetStatus)
    Standard_SetConfiguration                0x080033c1   Thumb Code    60  usb_core.o(i.Standard_SetConfiguration)
    Standard_SetDeviceFeature                0x08003409   Thumb Code    30  usb_core.o(i.Standard_SetDeviceFeature)
    Standard_SetEndPointFeature              0x08003431   Thumb Code   176  usb_core.o(i.Standard_SetEndPointFeature)
    Standard_SetInterface                    0x080034f1   Thumb Code    96  usb_core.o(i.Standard_SetInterface)
    Stm32_Clock_Init                         0x0800355d   Thumb Code   134  sys.o(i.Stm32_Clock_Init)
    TIM3_IRQHandler                          0x080035ed   Thumb Code    40  timer.o(i.TIM3_IRQHandler)
    TIM5_IRQHandler                          0x0800361d   Thumb Code   182  timer.o(i.TIM5_IRQHandler)
    TIM6_IRQHandler                          0x080036e1   Thumb Code    42  timer.o(i.TIM6_IRQHandler)
    Transfer_Data_Request                    0x08003725   Thumb Code    54  usb_bot.o(i.Transfer_Data_Request)
    USART1_IRQHandler                        0x08003765   Thumb Code   118  usart.o(i.USART1_IRQHandler)
    USART2_IRQHandler                        0x080037e9   Thumb Code    28  usart.o(i.USART2_IRQHandler)
    USB_Cable_Config                         0x08003809   Thumb Code    18  hw_config.o(i.USB_Cable_Config)
    USB_HP_CAN1_TX_IRQHandler                0x08003821   Thumb Code     8  stm32f10x_it.o(i.USB_HP_CAN1_TX_IRQHandler)
    USB_Init                                 0x08003829   Thumb Code    36  usb_init.o(i.USB_Init)
    USB_Interrupts_Config                    0x08003865   Thumb Code    56  hw_config.o(i.USB_Interrupts_Config)
    USB_Istr                                 0x080038a1   Thumb Code    62  usb_istr.o(i.USB_Istr)
    USB_LP_CAN1_RX0_IRQHandler               0x080038f1   Thumb Code     8  stm32f10x_it.o(i.USB_LP_CAN1_RX0_IRQHandler)
    USB_NotConfigured_LED                    0x080038f9   Thumb Code     2  hw_config.o(i.USB_NotConfigured_LED)
    UserToPMABufferCopy                      0x080038fd   Thumb Code    52  usb_mem.o(i.UserToPMABufferCopy)
    Write_Memory                             0x08003935   Thumb Code   276  memory.o(i.Write_Memory)
    _sys_exit                                0x08003a79   Thumb Code     6  usart.o(i._sys_exit)
    clust2sect                               0x08003ef3   Thumb Code    26  ff.o(i.clust2sect)
    delay_init                               0x080042d9   Thumb Code    56  delay.o(i.delay_init)
    delay_ms                                 0x08004319   Thumb Code    56  delay.o(i.delay_ms)
    dir_sdi                                  0x08004795   Thumb Code   156  ff.o(i.dir_sdi)
    disk_initialize                          0x08004831   Thumb Code   112  diskio.o(i.disk_initialize)
    disk_ioctl                               0x080048a9   Thumb Code   154  diskio.o(i.disk_ioctl)
    disk_read                                0x0800494d   Thumb Code   122  diskio.o(i.disk_read)
    disk_status                              0x080049c7   Thumb Code     6  diskio.o(i.disk_status)
    disk_write                               0x080049cd   Thumb Code   102  diskio.o(i.disk_write)
    exfuns_init                              0x08004a35   Thumb Code   110  exfuns.o(i.exfuns_init)
    f_close                                  0x08004ab5   Thumb Code    22  ff.o(i.f_close)
    f_lseek                                  0x08004acb   Thumb Code   732  ff.o(i.f_lseek)
    f_mount                                  0x08004da9   Thumb Code    38  ff.o(i.f_mount)
    f_open                                   0x08004dd5   Thumb Code   380  ff.o(i.f_open)
    f_opendir                                0x08004f51   Thumb Code   138  ff.o(i.f_opendir)
    f_read                                   0x08004fdb   Thumb Code   474  ff.o(i.f_read)
    f_readdir                                0x080051b5   Thumb Code   110  ff.o(i.f_readdir)
    f_sync                                   0x08005223   Thumb Code   176  ff.o(i.f_sync)
    f_write                                  0x080052d3   Thumb Code   542  ff.o(i.f_write)
    ff_convert                               0x080054f1   Thumb Code   146  mycc936.o(i.ff_convert)
    ff_memalloc                              0x08005589   Thumb Code    14  diskio.o(i.ff_memalloc)
    ff_memfree                               0x08005597   Thumb Code    14  diskio.o(i.ff_memfree)
    ff_wtoupper                              0x080055a5   Thumb Code    46  mycc936.o(i.ff_wtoupper)
    fputc                                    0x080056f1   Thumb Code    22  usart.o(i.fputc)
    gen_numname                              0x08005711   Thumb Code   190  ff.o(i.gen_numname)
    get_fat                                  0x080057cf   Thumb Code   228  ff.o(i.get_fat)
    get_fattime                              0x080058b3   Thumb Code     4  diskio.o(i.get_fattime)
    low_fix_trans_bug                        0x08005a15   Thumb Code    46  lower.o(i.low_fix_trans_bug)
    low_fix_trans_bug_read_byte              0x08005a55   Thumb Code    34  lower.o(i.low_fix_trans_bug_read_byte)
    low_fix_trans_bug_read_byte_ack          0x08005a89   Thumb Code    20  lower.o(i.low_fix_trans_bug_read_byte_ack)
    lower_get_state                          0x08005aa9   Thumb Code     6  lower.o(i.lower_get_state)
    lower_set_state                          0x08005ab5   Thumb Code     6  lower.o(i.lower_set_state)
    lower_uart_reset                         0x08005ac1   Thumb Code    36  lower.o(i.lower_uart_reset)
    lower_uart_rx                            0x08005b01   Thumb Code    90  lower.o(i.lower_uart_rx)
    lower_uart_rx_ack                        0x08005b65   Thumb Code    98  lower.o(i.lower_uart_rx_ack)
    lower_uart_rx_content                    0x08005bdd   Thumb Code    56  lower.o(i.lower_uart_rx_content)
    lower_uart_rx_hand_shake                 0x08005c25   Thumb Code    88  lower.o(i.lower_uart_rx_hand_shake)
    lower_uart_rx_idle                       0x08005c95   Thumb Code    92  lower.o(i.lower_uart_rx_idle)
    lower_uart_tx                            0x08005d09   Thumb Code    82  lower.o(i.lower_uart_tx)
    lower_uart_tx_bin                        0x08005d5d   Thumb Code   404  lower.o(i.lower_uart_tx_bin)
    lower_uart_tx_disconnect                 0x08005f19   Thumb Code    28  lower.o(i.lower_uart_tx_disconnect)
    main                                     0x08005f41   Thumb Code   764  main.o(i.main)
    mem_free                                 0x080062d9   Thumb Code    96  malloc.o(i.mem_free)
    mem_init                                 0x08006345   Thumb Code    54  malloc.o(i.mem_init)
    mem_malloc                               0x08006389   Thumb Code   164  malloc.o(i.mem_malloc)
    mem_perused                              0x08006439   Thumb Code    54  malloc.o(i.mem_perused)
    myfree                                   0x08006501   Thumb Code    30  malloc.o(i.myfree)
    mymalloc                                 0x08006525   Thumb Code    34  malloc.o(i.mymalloc)
    mymemset                                 0x0800654d   Thumb Code    20  malloc.o(i.mymemset)
    power_control_pin_init                   0x080065d5   Thumb Code    42  power_control.o(i.power_control_pin_init)
    power_control_pin_off                    0x08006609   Thumb Code    14  power_control.o(i.power_control_pin_off)
    power_control_pin_on                     0x0800661d   Thumb Code    14  power_control.o(i.power_control_pin_on)
    put_fat                                  0x08006631   Thumb Code   310  ff.o(i.put_fat)
    uart2_tx                                 0x080068c9   Thumb Code    22  usart.o(i.uart2_tx)
    uart_init                                0x080068e5   Thumb Code   324  usart.o(i.uart_init)
    uart_tx                                  0x08006a3d   Thumb Code    28  lower.o(i.uart_tx)
    usb_port_set                             0x08006a59   Thumb Code    74  main.o(i.usb_port_set)
    __aeabi_fadd                             0x08006ae9   Thumb Code     0  faddsub_clz.o(x$fpl$fadd)
    _fadd                                    0x08006ae9   Thumb Code   196  faddsub_clz.o(x$fpl$fadd)
    __aeabi_fdiv                             0x08006bad   Thumb Code     0  fdiv.o(x$fpl$fdiv)
    _fdiv                                    0x08006bad   Thumb Code   384  fdiv.o(x$fpl$fdiv)
    __aeabi_f2uiz                            0x08006d31   Thumb Code     0  ffixu.o(x$fpl$ffixu)
    _ffixu                                   0x08006d31   Thumb Code    62  ffixu.o(x$fpl$ffixu)
    __aeabi_ui2f                             0x08006d71   Thumb Code     0  fflt_clz.o(x$fpl$ffltu)
    _ffltu                                   0x08006d71   Thumb Code    38  fflt_clz.o(x$fpl$ffltu)
    __aeabi_fmul                             0x08006d99   Thumb Code     0  fmul.o(x$fpl$fmul)
    _fmul                                    0x08006d99   Thumb Code   258  fmul.o(x$fpl$fmul)
    __fpl_fnaninf                            0x08006e9b   Thumb Code   140  fnaninf.o(x$fpl$fnaninf)
    __fpl_fretinf                            0x08006f27   Thumb Code    10  fretinf.o(x$fpl$fretinf)
    __aeabi_frsub                            0x08006f31   Thumb Code     0  faddsub_clz.o(x$fpl$frsb)
    _frsb                                    0x08006f31   Thumb Code    20  faddsub_clz.o(x$fpl$frsb)
    __aeabi_fsub                             0x08006f45   Thumb Code     0  faddsub_clz.o(x$fpl$fsub)
    _fsub                                    0x08006f45   Thumb Code   234  faddsub_clz.o(x$fpl$fsub)
    __I$use$fp                               0x0800702e   Number         0  usenofp.o(x$fpl$usenofp)
    memtblsize                               0x08007030   Data           8  malloc.o(.constdata)
    memblksize                               0x08007038   Data           8  malloc.o(.constdata)
    memsize                                  0x08007040   Data           8  malloc.o(.constdata)
    MASS_DeviceDescriptor                    0x08007048   Data          18  usb_desc.o(.constdata)
    MASS_ConfigDescriptor                    0x0800705a   Data          32  usb_desc.o(.constdata)
    MASS_StringLangID                        0x0800707a   Data           4  usb_desc.o(.constdata)
    MASS_StringVendor                        0x0800707e   Data          26  usb_desc.o(.constdata)
    MASS_StringProduct                       0x08007098   Data          32  usb_desc.o(.constdata)
    MASS_StringInterface                     0x080070b8   Data          16  usb_desc.o(.constdata)
    boot_conn_ack                            0x080074c2   Data           9  lower.o(.constdata)
    boot_conn_req                            0x080074cb   Data           7  lower.o(.constdata)
    boot_conn_success                        0x080074d2   Data           7  lower.o(.constdata)
    bd_addr_offset                           0x080074d9   Data           6  lower.o(.constdata)
    Region$$Table$$Base                      0x0800756c   Number         0  anon$$obj.o(Region$$Table)
    Region$$Table$$Limit                     0x0800758c   Number         0  anon$$obj.o(Region$$Table)
    SPI_FLASH_TYPE                           0x20000000   Data           2  flash.o(.data)
    TIM5CH1_CAPTURE_STA                      0x20000002   Data           1  timer.o(.data)
    TIM5CH1_CAPTURE_VAL                      0x20000004   Data           2  timer.o(.data)
    ov_frame                                 0x20000006   Data           1  timer.o(.data)
    SD_Type                                  0x20000007   Data           1  mmc_sd.o(.data)
    key1_pressed                             0x20000008   Data           1  exti.o(.data)
    key2_pressed                             0x20000009   Data           1  exti.o(.data)
    key3_pressed                             0x2000000a   Data           1  exti.o(.data)
    mallco_dev                               0x2000000c   Data          28  malloc.o(.data)
    __stdout                                 0x2000002c   Data           4  usart.o(.data)
    USART_RX_STA                             0x20000030   Data           2  usart.o(.data)
    Mass_Block_Size                          0x20000034   Data           8  mass_mal.o(.data)
    Mass_Block_Count                         0x2000003c   Data           8  mass_mal.o(.data)
    Block_Read_count                         0x20000044   Data           4  memory.o(.data)
    Block_offset                             0x20000048   Data           4  memory.o(.data)
    Counter                                  0x2000004c   Data           4  memory.o(.data)
    Idx                                      0x20000050   Data           4  memory.o(.data)
    TransferState                            0x20000054   Data           1  memory.o(.data)
    USB_STATUS_REG                           0x20000055   Data           1  memory.o(.data)
    Page00_Inquiry_Data                      0x20000068   Data           5  scsi_data.o(.data)
    Standard_Inquiry_Data                    0x2000006d   Data          37  scsi_data.o(.data)
    Standard_Inquiry_Data2                   0x20000092   Data          36  scsi_data.o(.data)
    Mode_Sense6_data                         0x200000b6   Data           4  scsi_data.o(.data)
    Mode_Sense10_data                        0x200000ba   Data           8  scsi_data.o(.data)
    Scsi_Sense_Data                          0x200000c2   Data          18  scsi_data.o(.data)
    ReadCapacity10_Data                      0x200000d4   Data           8  scsi_data.o(.data)
    ReadFormatCapacity_Data                  0x200000dc   Data          12  scsi_data.o(.data)
    Bot_State                                0x200000e8   Data           1  usb_bot.o(.data)
    Data_Len                                 0x200000ea   Data           2  usb_bot.o(.data)
    SCSI_LBA                                 0x200000ec   Data           4  usb_bot.o(.data)
    SCSI_BlkLen                              0x200000f0   Data           4  usb_bot.o(.data)
    MASS_StringSerial                        0x200000f4   Data          26  usb_desc.o(.data)
    wIstr                                    0x20000110   Data           2  usb_istr.o(.data)
    bIntPackSOF                              0x20000112   Data           1  usb_istr.o(.data)
    pEpInt_IN                                0x20000114   Data          28  usb_istr.o(.data)
    pEpInt_OUT                               0x20000130   Data          28  usb_istr.o(.data)
    Max_Lun                                  0x2000014c   Data           4  usb_prop.o(.data)
    Device_Table                             0x20000150   Data           2  usb_prop.o(.data)
    Device_Property                          0x20000154   Data          48  usb_prop.o(.data)
    User_Standard_Requests                   0x20000184   Data          36  usb_prop.o(.data)
    Device_Descriptor                        0x200001a8   Data           8  usb_prop.o(.data)
    Config_Descriptor                        0x200001b0   Data           8  usb_prop.o(.data)
    String_Descriptor                        0x200001b8   Data          40  usb_prop.o(.data)
    bDeviceState                             0x200001e0   Data           4  usb_pwr.o(.data)
    fSuspendEnabled                          0x200001e4   Data           1  usb_pwr.o(.data)
    ResumeS                                  0x200001e5   Data           2  usb_pwr.o(.data)
    StatusInfo                               0x200001e8   Data           2  usb_core.o(.data)
    Data_Mul_MaxPacketSize                   0x200001ea   Data           1  usb_core.o(.data)
    EPindex                                  0x200001ec   Data           1  usb_init.o(.data)
    pInformation                             0x200001f0   Data           4  usb_init.o(.data)
    pProperty                                0x200001f4   Data           4  usb_init.o(.data)
    SaveState                                0x200001f8   Data           2  usb_init.o(.data)
    wInterrupt_Mask                          0x200001fa   Data           2  usb_init.o(.data)
    pUser_Standard_Requests                  0x200001fc   Data           4  usb_init.o(.data)
    SaveRState                               0x20000200   Data           2  usb_int.o(.data)
    SaveTState                               0x20000202   Data           2  usb_int.o(.data)
    bd_addr                                  0x20000204   Data           6  main.o(.data)
    f_hid_bin                                0x2000020c   Data           4  main.o(.data)
    FLASH_SECTOR_COUNT                       0x20000210   Data           2  diskio.o(.data)
    FILE_TYPE_TBL                            0x20000214   Data         312  exfuns.o(.data)
    fs                                       0x2000034c   Data           8  exfuns.o(.data)
    file                                     0x20000354   Data           4  exfuns.o(.data)
    ftemp                                    0x20000358   Data           4  exfuns.o(.data)
    br                                       0x2000035c   Data           4  exfuns.o(.data)
    bw                                       0x20000360   Data           4  exfuns.o(.data)
    fatbuf                                   0x20000364   Data           4  exfuns.o(.data)
    lower_state                              0x20000374   Data           1  lower.o(.data)
    device_type                              0x20000375   Data           1  lower.o(.data)
    current_received_count                   0x20000378   Data           4  lower.o(.data)
    lower_uart_finish_callback               0x2000037c   Data           4  lower.o(.data)
    current_tx_index                         0x20000380   Data           4  lower.o(.data)
    lower_tx_buffer                          0x20000384   Data           4  lower.o(.data)
    read_total_count                         0x20000388   Data           4  lower.o(.data)
    lower_rx_buffer                          0x2000038c   Data           4  lower.o(.data)
    read_wait_for_header                     0x20000390   Data           1  lower.o(.data)
    boot_req_receive_buffer                  0x20000391   Data           7  lower.o(.data)
    SPI_FLASH_BUFFER                         0x2000039c   Data        4096  flash.o(.bss)
    mem1base                                 0x2000139c   Data       40960  malloc.o(.bss)
    mem1mapbase                              0x2000b39c   Data        2560  malloc.o(.bss)
    USART_RX_BUF                             0x2000bd9c   Data         200  usart.o(.bss)
    Mass_Memory_Size                         0x2000be68   Data          16  mass_mal.o(.bss)
    Data_Buffer                              0x2000be78   Data         512  memory.o(.bss)
    Bulk_Data_Buff                           0x2000c078   Data          64  usb_bot.o(.bss)
    CBW                                      0x2000c0b8   Data          32  usb_bot.o(.bss)
    CSW                                      0x2000c0d8   Data          16  usb_bot.o(.bss)
    Device_Info                              0x2000c0e8   Data          28  usb_init.o(.bss)
    ftinfo                                   0x2000c124   Data          25  fontupd.o(.bss)
    __libspace_start                         0x2000c148   Data          96  libspace.o(.bss)
    __temporary_stack_top$libspace           0x2000c1a8   Data           0  libspace.o(.bss)
    mem2base                                 0x68000000   Data       204800  malloc.o(.ARM.__AT_0x68000000)
    mem2mapbase                              0x68032000   Data       12800  malloc.o(.ARM.__AT_0x68032000)



==============================================================================

Memory Map of the image

  Image Entry point : 0x08000131

  Load Region LR_IROM1 (Base: 0x08000000, Size: 0x00007928, Max: 0x00080000, ABSOLUTE, COMPRESSED[0x000076b4])

    Execution Region ER_IROM1 (Base: 0x08000000, Size: 0x0000758c, Max: 0x00080000, ABSOLUTE)

    Base Addr    Size         Type   Attr      Idx    E Section Name        Object

    0x08000000   0x00000130   Data   RO            3    RESET               startup_stm32f10x_hd.o
    0x08000130   0x00000008   Code   RO         2594  * !!!main             c_w.l(__main.o)
    0x08000138   0x00000034   Code   RO         2805    !!!scatter          c_w.l(__scatter.o)
    0x0800016c   0x0000005a   Code   RO         2803    !!dczerorl2         c_w.l(__dczerorl2.o)
    0x080001c6   0x00000002   PAD
    0x080001c8   0x0000001c   Code   RO         2807    !!handler_zi        c_w.l(__scatter_zi.o)
    0x080001e4   0x00000000   Code   RO         2583    .ARM.Collect$$_printf_percent$$00000000  c_w.l(_printf_percent.o)
    0x080001e4   0x00000006   Code   RO         2582    .ARM.Collect$$_printf_percent$$00000009  c_w.l(_printf_d.o)
    0x080001ea   0x00000006   Code   RO         2581    .ARM.Collect$$_printf_percent$$0000000C  c_w.l(_printf_x.o)
    0x080001f0   0x00000004   Code   RO         2627    .ARM.Collect$$_printf_percent$$00000017  c_w.l(_printf_percent_end.o)
    0x080001f4   0x00000002   Code   RO         2673    .ARM.Collect$$libinit$$00000000  c_w.l(libinit.o)
    0x080001f6   0x00000000   Code   RO         2684    .ARM.Collect$$libinit$$00000002  c_w.l(libinit2.o)
    0x080001f6   0x00000000   Code   RO         2686    .ARM.Collect$$libinit$$00000004  c_w.l(libinit2.o)
    0x080001f6   0x00000000   Code   RO         2689    .ARM.Collect$$libinit$$0000000A  c_w.l(libinit2.o)
    0x080001f6   0x00000000   Code   RO         2691    .ARM.Collect$$libinit$$0000000C  c_w.l(libinit2.o)
    0x080001f6   0x00000000   Code   RO         2693    .ARM.Collect$$libinit$$0000000E  c_w.l(libinit2.o)
    0x080001f6   0x00000000   Code   RO         2696    .ARM.Collect$$libinit$$00000011  c_w.l(libinit2.o)
    0x080001f6   0x00000000   Code   RO         2698    .ARM.Collect$$libinit$$00000013  c_w.l(libinit2.o)
    0x080001f6   0x00000000   Code   RO         2700    .ARM.Collect$$libinit$$00000015  c_w.l(libinit2.o)
    0x080001f6   0x00000000   Code   RO         2702    .ARM.Collect$$libinit$$00000017  c_w.l(libinit2.o)
    0x080001f6   0x00000000   Code   RO         2704    .ARM.Collect$$libinit$$00000019  c_w.l(libinit2.o)
    0x080001f6   0x00000000   Code   RO         2706    .ARM.Collect$$libinit$$0000001B  c_w.l(libinit2.o)
    0x080001f6   0x00000000   Code   RO         2708    .ARM.Collect$$libinit$$0000001D  c_w.l(libinit2.o)
    0x080001f6   0x00000000   Code   RO         2710    .ARM.Collect$$libinit$$0000001F  c_w.l(libinit2.o)
    0x080001f6   0x00000000   Code   RO         2712    .ARM.Collect$$libinit$$00000021  c_w.l(libinit2.o)
    0x080001f6   0x00000000   Code   RO         2714    .ARM.Collect$$libinit$$00000023  c_w.l(libinit2.o)
    0x080001f6   0x00000000   Code   RO         2716    .ARM.Collect$$libinit$$00000025  c_w.l(libinit2.o)
    0x080001f6   0x00000000   Code   RO         2720    .ARM.Collect$$libinit$$0000002C  c_w.l(libinit2.o)
    0x080001f6   0x00000000   Code   RO         2722    .ARM.Collect$$libinit$$0000002E  c_w.l(libinit2.o)
    0x080001f6   0x00000000   Code   RO         2724    .ARM.Collect$$libinit$$00000030  c_w.l(libinit2.o)
    0x080001f6   0x00000000   Code   RO         2726    .ARM.Collect$$libinit$$00000032  c_w.l(libinit2.o)
    0x080001f6   0x00000002   Code   RO         2727    .ARM.Collect$$libinit$$00000033  c_w.l(libinit2.o)
    0x080001f8   0x00000002   Code   RO         2755    .ARM.Collect$$libshutdown$$00000000  c_w.l(libshutdown.o)
    0x080001fa   0x00000000   Code   RO         2769    .ARM.Collect$$libshutdown$$00000002  c_w.l(libshutdown2.o)
    0x080001fa   0x00000000   Code   RO         2771    .ARM.Collect$$libshutdown$$00000004  c_w.l(libshutdown2.o)
    0x080001fa   0x00000000   Code   RO         2774    .ARM.Collect$$libshutdown$$00000007  c_w.l(libshutdown2.o)
    0x080001fa   0x00000000   Code   RO         2777    .ARM.Collect$$libshutdown$$0000000A  c_w.l(libshutdown2.o)
    0x080001fa   0x00000000   Code   RO         2779    .ARM.Collect$$libshutdown$$0000000C  c_w.l(libshutdown2.o)
    0x080001fa   0x00000000   Code   RO         2782    .ARM.Collect$$libshutdown$$0000000F  c_w.l(libshutdown2.o)
    0x080001fa   0x00000002   Code   RO         2783    .ARM.Collect$$libshutdown$$00000010  c_w.l(libshutdown2.o)
    0x080001fc   0x00000000   Code   RO         2620    .ARM.Collect$$rtentry$$00000000  c_w.l(__rtentry.o)
    0x080001fc   0x00000000   Code   RO         2636    .ARM.Collect$$rtentry$$00000002  c_w.l(__rtentry2.o)
    0x080001fc   0x00000006   Code   RO         2648    .ARM.Collect$$rtentry$$00000004  c_w.l(__rtentry4.o)
    0x08000202   0x00000000   Code   RO         2638    .ARM.Collect$$rtentry$$00000009  c_w.l(__rtentry2.o)
    0x08000202   0x00000004   Code   RO         2639    .ARM.Collect$$rtentry$$0000000A  c_w.l(__rtentry2.o)
    0x08000206   0x00000000   Code   RO         2641    .ARM.Collect$$rtentry$$0000000C  c_w.l(__rtentry2.o)
    0x08000206   0x00000008   Code   RO         2642    .ARM.Collect$$rtentry$$0000000D  c_w.l(__rtentry2.o)
    0x0800020e   0x00000002   Code   RO         2677    .ARM.Collect$$rtexit$$00000000  c_w.l(rtexit.o)
    0x08000210   0x00000000   Code   RO         2729    .ARM.Collect$$rtexit$$00000002  c_w.l(rtexit2.o)
    0x08000210   0x00000004   Code   RO         2730    .ARM.Collect$$rtexit$$00000003  c_w.l(rtexit2.o)
    0x08000214   0x00000006   Code   RO         2731    .ARM.Collect$$rtexit$$00000004  c_w.l(rtexit2.o)
    0x0800021a   0x00000002   PAD
    0x0800021c   0x00000048   Code   RO            4    .text               startup_stm32f10x_hd.o
    0x08000264   0x00000002   Code   RO         2528    .text               c_w.l(use_no_semi_2.o)
    0x08000266   0x00000048   Code   RO         2530    .text               c_w.l(llsdiv.o)
    0x080002ae   0x00000002   PAD
    0x080002b0   0x00000018   Code   RO         2534    .text               c_w.l(noretval__2printf.o)
    0x080002c8   0x00000068   Code   RO         2536    .text               c_w.l(__printf.o)
    0x08000330   0x00000078   Code   RO         2538    .text               c_w.l(_printf_dec.o)
    0x080003a8   0x00000058   Code   RO         2543    .text               c_w.l(_printf_hex_int.o)
    0x08000400   0x00000058   Code   RO         2584    .text               c_w.l(memcmp.o)
    0x08000458   0x0000008a   Code   RO         2588    .text               c_w.l(rt_memcpy_v6.o)
    0x080004e2   0x00000006   Code   RO         2592    .text               c_w.l(heapauxi.o)
    0x080004e8   0x00000002   Code   RO         2618    .text               c_w.l(use_no_semi.o)
    0x080004ea   0x000000ee   Code   RO         2621    .text               c_w.l(lludivv7m.o)
    0x080005d8   0x000000b2   Code   RO         2623    .text               c_w.l(_printf_intcommon.o)
    0x0800068a   0x00000002   PAD
    0x0800068c   0x00000024   Code   RO         2625    .text               c_w.l(_printf_char_file.o)
    0x080006b0   0x00000064   Code   RO         2628    .text               c_w.l(rt_memcpy_w.o)
    0x08000714   0x00000030   Code   RO         2654    .text               c_w.l(_printf_char_common.o)
    0x08000744   0x00000008   Code   RO         2656    .text               c_w.l(ferror.o)
    0x0800074c   0x0000004a   Code   RO         2660    .text               c_w.l(sys_stackheap_outer.o)
    0x08000796   0x00000012   Code   RO         2666    .text               c_w.l(exit.o)
    0x080007a8   0x00000008   Code   RO         2674    .text               c_w.l(libspace.o)
    0x080007b0   0x00000040   Code   RO          990    i.Bot_Abort         usb_bot.o
    0x080007f0   0x0000000c   Code   RO         1548    i.ByteSwap          usb_regs.o
    0x080007fc   0x000002c4   Code   RO          991    i.CBW_Decode        usb_bot.o
    0x08000ac0   0x000000c8   Code   RO         1500    i.CTR_HP            usb_int.o
    0x08000b88   0x00000328   Code   RO         1501    i.CTR_LP            usb_int.o
    0x08000eb0   0x00000034   Code   RO         1549    i.ClearDTOG_RX      usb_regs.o
    0x08000ee4   0x00000034   Code   RO         1550    i.ClearDTOG_TX      usb_regs.o
    0x08000f18   0x00000020   Code   RO         1555    i.Clear_Status_Out  usb_regs.o
    0x08000f38   0x000000c0   Code   RO         1358    i.DataStageIn       usb_core.o
    0x08000ff8   0x000000bc   Code   RO         1359    i.DataStageOut      usb_core.o
    0x080010b4   0x00000298   Code   RO         1360    i.Data_Setup0       usb_core.o
    0x0800134c   0x00000008   Code   RO         1050    i.EP1_IN_Callback   usb_endp.o
    0x08001354   0x00000008   Code   RO         1051    i.EP2_OUT_Callback  usb_endp.o
    0x0800135c   0x00000028   Code   RO          398    i.EXTI3_IRQHandler  exti.o
    0x08001384   0x00000028   Code   RO          399    i.EXTI4_IRQHandler  exti.o
    0x080013ac   0x00000028   Code   RO          400    i.EXTI9_5_IRQHandler  exti.o
    0x080013d4   0x0000008c   Code   RO          401    i.EXTIX_Init        exti.o
    0x08001460   0x000000a0   Code   RO          555    i.Ex_NVIC_Config    sys.o
    0x08001500   0x00000020   Code   RO         1567    i.GetEPRxAddr       usb_regs.o
    0x08001520   0x00000024   Code   RO         1568    i.GetEPRxCount      usb_regs.o
    0x08001544   0x00000020   Code   RO         1570    i.GetEPTxAddr       usb_regs.o
    0x08001564   0x0000001c   Code   RO         1108    i.Get_Max_Lun       usb_prop.o
    0x08001580   0x00000048   Code   RO          678    i.Get_SerialNum     hw_config.o
    0x080015c8   0x00000070   Code   RO         1361    i.In0_Process       usb_core.o
    0x08001638   0x0000003c   Code   RO          272    i.LED_Init          led.o
    0x08001674   0x0000000c   Code   RO          680    i.Led_RW_OFF        hw_config.o
    0x08001680   0x0000000c   Code   RO          681    i.Led_RW_ON         hw_config.o
    0x0800168c   0x0000001e   Code   RO          777    i.MAL_GetStatus     mass_mal.o
    0x080016aa   0x00000042   Code   RO          779    i.MAL_Read          mass_mal.o
    0x080016ec   0x00000042   Code   RO          780    i.MAL_Write         mass_mal.o
    0x0800172e   0x00000002   PAD
    0x08001730   0x00000060   Code   RO         1109    i.MASS_Data_Setup   usb_prop.o
    0x08001790   0x00000014   Code   RO         1110    i.MASS_GetConfigDescriptor  usb_prop.o
    0x080017a4   0x00000014   Code   RO         1111    i.MASS_GetDeviceDescriptor  usb_prop.o
    0x080017b8   0x00000028   Code   RO         1112    i.MASS_GetStringDescriptor  usb_prop.o
    0x080017e0   0x00000016   Code   RO         1113    i.MASS_Get_Interface_Setting  usb_prop.o
    0x080017f6   0x00000002   PAD
    0x080017f8   0x0000005c   Code   RO         1114    i.MASS_NoData_Setup  usb_prop.o
    0x08001854   0x000000f0   Code   RO         1115    i.MASS_Reset        usb_prop.o
    0x08001944   0x00000002   Code   RO         1116    i.MASS_Status_In    usb_prop.o
    0x08001946   0x00000002   Code   RO         1117    i.MASS_Status_Out   usb_prop.o
    0x08001948   0x00000044   Code   RO         1118    i.MASS_init         usb_prop.o
    0x0800198c   0x00000068   Code   RO          557    i.MYRCC_DeInit      sys.o
    0x080019f4   0x00000098   Code   RO          558    i.MY_NVIC_Init      sys.o
    0x08001a8c   0x00000028   Code   RO          559    i.MY_NVIC_PriorityGroupConfig  sys.o
    0x08001ab4   0x00000014   Code   RO          560    i.MY_NVIC_SetVectorTable  sys.o
    0x08001ac8   0x0000001c   Code   RO         1119    i.Mass_Storage_ClearFeature  usb_prop.o
    0x08001ae4   0x00000090   Code   RO          992    i.Mass_Storage_In   usb_bot.o
    0x08001b74   0x000000b4   Code   RO          993    i.Mass_Storage_Out  usb_bot.o
    0x08001c28   0x00000030   Code   RO         1120    i.Mass_Storage_SetConfiguration  usb_prop.o
    0x08001c58   0x0000000c   Code   RO         1121    i.Mass_Storage_SetDeviceAddress  usb_prop.o
    0x08001c64   0x00000002   Code   RO         1362    i.NOP_Process       usb_core.o
    0x08001c66   0x00000002   PAD
    0x08001c68   0x00000144   Code   RO         1363    i.NoData_Setup0     usb_core.o
    0x08001dac   0x00000050   Code   RO         1364    i.Out0_Process      usb_core.o
    0x08001dfc   0x00000028   Code   RO         1530    i.PMAToUserBufferCopy  usb_mem.o
    0x08001e24   0x00000048   Code   RO         1365    i.Post0_Process     usb_core.o
    0x08001e6c   0x00000040   Code   RO         1214    i.PowerOn           usb_pwr.o
    0x08001eac   0x00000124   Code   RO          822    i.Read_Memory       memory.o
    0x08001fd0   0x0000008c   Code   RO         1255    i.SCSI_Address_Management  usb_scsi.o
    0x0800205c   0x00000030   Code   RO         1256    i.SCSI_Format_Cmd   usb_scsi.o
    0x0800208c   0x00000048   Code   RO         1257    i.SCSI_Inquiry_Cmd  usb_scsi.o
    0x080020d4   0x00000044   Code   RO         1258    i.SCSI_Invalid_Cmd  usb_scsi.o
    0x08002118   0x00000014   Code   RO         1259    i.SCSI_ModeSense10_Cmd  usb_scsi.o
    0x0800212c   0x00000014   Code   RO         1260    i.SCSI_ModeSense6_Cmd  usb_scsi.o
    0x08002140   0x00000078   Code   RO         1261    i.SCSI_Read10_Cmd   usb_scsi.o
    0x080021b8   0x0000009c   Code   RO         1262    i.SCSI_ReadCapacity10_Cmd  usb_scsi.o
    0x08002254   0x00000088   Code   RO         1263    i.SCSI_ReadFormatCapacity_Cmd  usb_scsi.o
    0x080022dc   0x00000028   Code   RO         1264    i.SCSI_RequestSense_Cmd  usb_scsi.o
    0x08002304   0x0000000e   Code   RO         1265    i.SCSI_Start_Stop_Unit_Cmd  usb_scsi.o
    0x08002312   0x00000002   PAD
    0x08002314   0x00000038   Code   RO         1266    i.SCSI_TestUnitReady_Cmd  usb_scsi.o
    0x0800234c   0x00000040   Code   RO         1268    i.SCSI_Verify10_Cmd  usb_scsi.o
    0x0800238c   0x00000078   Code   RO         1269    i.SCSI_Write10_Cmd  usb_scsi.o
    0x08002404   0x00000014   Code   RO          284    i.SD_DisSelect      mmc_sd.o
    0x08002418   0x0000002a   Code   RO          286    i.SD_GetCSD         mmc_sd.o
    0x08002442   0x00000026   Code   RO          287    i.SD_GetResponse    mmc_sd.o
    0x08002468   0x00000076   Code   RO          288    i.SD_GetSectorCount  mmc_sd.o
    0x080024de   0x00000002   PAD
    0x080024e0   0x00000188   Code   RO          289    i.SD_Initialize     mmc_sd.o
    0x08002668   0x00000074   Code   RO          290    i.SD_ReadDisk       mmc_sd.o
    0x080026dc   0x00000038   Code   RO          291    i.SD_RecvData       mmc_sd.o
    0x08002714   0x000000b0   Code   RO          292    i.SD_SPI_Init       mmc_sd.o
    0x080027c4   0x0000000c   Code   RO          293    i.SD_SPI_ReadWriteByte  mmc_sd.o
    0x080027d0   0x0000000a   Code   RO          294    i.SD_SPI_SpeedHigh  mmc_sd.o
    0x080027da   0x0000000a   Code   RO          295    i.SD_SPI_SpeedLow   mmc_sd.o
    0x080027e4   0x00000020   Code   RO          296    i.SD_Select         mmc_sd.o
    0x08002804   0x00000052   Code   RO          297    i.SD_SendBlock      mmc_sd.o
    0x08002856   0x00000078   Code   RO          298    i.SD_SendCmd        mmc_sd.o
    0x080028ce   0x00000022   Code   RO          299    i.SD_WaitReady      mmc_sd.o
    0x080028f0   0x00000090   Code   RO          300    i.SD_WriteDisk      mmc_sd.o
    0x08002980   0x000000b4   Code   RO          146    i.SPI2_Init         spi.o
    0x08002a34   0x00000058   Code   RO          147    i.SPI2_ReadWriteByte  spi.o
    0x08002a8c   0x0000002c   Code   RO          148    i.SPI2_SetSpeed     spi.o
    0x08002ab8   0x00000020   Code   RO           11    i.SPI_FLASH_Write_Enable  flash.o
    0x08002ad8   0x00000058   Code   RO           14    i.SPI_Flash_Erase_Sector  flash.o
    0x08002b30   0x000000b8   Code   RO           15    i.SPI_Flash_Init    flash.o
    0x08002be8   0x00000050   Code   RO           17    i.SPI_Flash_Read    flash.o
    0x08002c38   0x00000048   Code   RO           18    i.SPI_Flash_ReadID  flash.o
    0x08002c80   0x0000002c   Code   RO           19    i.SPI_Flash_ReadSR  flash.o
    0x08002cac   0x00000012   Code   RO           21    i.SPI_Flash_Wait_Busy  flash.o
    0x08002cbe   0x00000002   PAD
    0x08002cc0   0x000000b8   Code   RO           22    i.SPI_Flash_Write   flash.o
    0x08002d78   0x00000046   Code   RO           23    i.SPI_Flash_Write_NoCheck  flash.o
    0x08002dbe   0x00000002   PAD
    0x08002dc0   0x00000054   Code   RO           24    i.SPI_Flash_Write_Page  flash.o
    0x08002e14   0x00000010   Code   RO         1578    i.SetBTABLE         usb_regs.o
    0x08002e24   0x0000004c   Code   RO         1366    i.SetDeviceAddress  usb_core.o
    0x08002e70   0x00000024   Code   RO         1592    i.SetEPRxAddr       usb_regs.o
    0x08002e94   0x0000004c   Code   RO         1593    i.SetEPRxCount      usb_regs.o
    0x08002ee0   0x00000038   Code   RO         1594    i.SetEPRxStatus     usb_regs.o
    0x08002f18   0x0000002c   Code   RO         1595    i.SetEPRxValid      usb_regs.o
    0x08002f44   0x00000020   Code   RO         1596    i.SetEPTxAddr       usb_regs.o
    0x08002f64   0x0000001c   Code   RO         1597    i.SetEPTxCount      usb_regs.o
    0x08002f80   0x00000038   Code   RO         1598    i.SetEPTxStatus     usb_regs.o
    0x08002fb8   0x00000024   Code   RO         1600    i.SetEPType         usb_regs.o
    0x08002fdc   0x00000044   Code   RO          994    i.Set_CSW           usb_bot.o
    0x08003020   0x0000000c   Code   RO         1270    i.Set_Scsi_Sense_Data  usb_scsi.o
    0x0800302c   0x0000001c   Code   RO          683    i.Set_USBClock      hw_config.o
    0x08003048   0x000000b0   Code   RO         1367    i.Setup0_Process    usb_core.o
    0x080030f8   0x0000015c   Code   RO         1368    i.Standard_ClearFeature  usb_core.o
    0x08003254   0x0000002c   Code   RO         1369    i.Standard_GetConfiguration  usb_core.o
    0x08003280   0x00000024   Code   RO         1370    i.Standard_GetDescriptorData  usb_core.o
    0x080032a4   0x0000002c   Code   RO         1371    i.Standard_GetInterface  usb_core.o
    0x080032d0   0x000000f0   Code   RO         1372    i.Standard_GetStatus  usb_core.o
    0x080033c0   0x00000048   Code   RO         1373    i.Standard_SetConfiguration  usb_core.o
    0x08003408   0x00000028   Code   RO         1374    i.Standard_SetDeviceFeature  usb_core.o
    0x08003430   0x000000c0   Code   RO         1375    i.Standard_SetEndPointFeature  usb_core.o
    0x080034f0   0x0000006c   Code   RO         1376    i.Standard_SetInterface  usb_core.o
    0x0800355c   0x00000090   Code   RO          561    i.Stm32_Clock_Init  sys.o
    0x080035ec   0x00000030   Code   RO          209    i.TIM3_IRQHandler   timer.o
    0x0800361c   0x000000c4   Code   RO          214    i.TIM5_IRQHandler   timer.o
    0x080036e0   0x00000044   Code   RO          215    i.TIM6_IRQHandler   timer.o
    0x08003724   0x00000040   Code   RO          995    i.Transfer_Data_Request  usb_bot.o
    0x08003764   0x00000084   Code   RO          618    i.USART1_IRQHandler  usart.o
    0x080037e8   0x00000020   Code   RO          619    i.USART2_IRQHandler  usart.o
    0x08003808   0x00000018   Code   RO          684    i.USB_Cable_Config  hw_config.o
    0x08003820   0x00000008   Code   RO          950    i.USB_HP_CAN1_TX_IRQHandler  stm32f10x_it.o
    0x08003828   0x0000003c   Code   RO         1477    i.USB_Init          usb_init.o
    0x08003864   0x0000003c   Code   RO          687    i.USB_Interrupts_Config  hw_config.o
    0x080038a0   0x00000050   Code   RO         1086    i.USB_Istr          usb_istr.o
    0x080038f0   0x00000008   Code   RO          951    i.USB_LP_CAN1_RX0_IRQHandler  stm32f10x_it.o
    0x080038f8   0x00000002   Code   RO          688    i.USB_NotConfigured_LED  hw_config.o
    0x080038fa   0x00000002   PAD
    0x080038fc   0x00000038   Code   RO         1531    i.UserToPMABufferCopy  usb_mem.o
    0x08003934   0x00000144   Code   RO          823    i.Write_Memory      memory.o
    0x08003a78   0x00000006   Code   RO          620    i._sys_exit         usart.o
    0x08003a7e   0x00000002   PAD
    0x08003a80   0x00000090   Code   RO         2078    i.check_fs          ff.o
    0x08003b10   0x00000014   Code   RO         2079    i.chk_chr           ff.o
    0x08003b24   0x0000039c   Code   RO         2080    i.chk_mounted       ff.o
    0x08003ec0   0x00000032   Code   RO         2081    i.clmt_clust        ff.o
    0x08003ef2   0x0000001a   Code   RO         2082    i.clust2sect        ff.o
    0x08003f0c   0x00000090   Code   RO         2083    i.cmp_lfn           ff.o
    0x08003f9c   0x000000ca   Code   RO         2084    i.create_chain      ff.o
    0x08004066   0x00000002   PAD
    0x08004068   0x00000270   Code   RO         2085    i.create_name       ff.o
    0x080042d8   0x00000040   Code   RO          528    i.delay_init        delay.o
    0x08004318   0x0000003c   Code   RO          529    i.delay_ms          delay.o
    0x08004354   0x000000de   Code   RO         2086    i.dir_find          ff.o
    0x08004432   0x00000118   Code   RO         2087    i.dir_next          ff.o
    0x0800454a   0x000000be   Code   RO         2088    i.dir_read          ff.o
    0x08004608   0x0000018c   Code   RO         2089    i.dir_register      ff.o
    0x08004794   0x0000009c   Code   RO         2091    i.dir_sdi           ff.o
    0x08004830   0x00000078   Code   RO         1963    i.disk_initialize   diskio.o
    0x080048a8   0x000000a4   Code   RO         1964    i.disk_ioctl        diskio.o
    0x0800494c   0x0000007a   Code   RO         1965    i.disk_read         diskio.o
    0x080049c6   0x00000006   Code   RO         1966    i.disk_status       diskio.o
    0x080049cc   0x00000066   Code   RO         1967    i.disk_write        diskio.o
    0x08004a32   0x00000002   PAD
    0x08004a34   0x00000080   Code   RO         2029    i.exfuns_init       exfuns.o
    0x08004ab4   0x00000016   Code   RO         2093    i.f_close           ff.o
    0x08004aca   0x000002dc   Code   RO         2096    i.f_lseek           ff.o
    0x08004da6   0x00000002   PAD
    0x08004da8   0x0000002c   Code   RO         2099    i.f_mount           ff.o
    0x08004dd4   0x0000017c   Code   RO         2100    i.f_open            ff.o
    0x08004f50   0x0000008a   Code   RO         2101    i.f_opendir         ff.o
    0x08004fda   0x000001da   Code   RO         2105    i.f_read            ff.o
    0x080051b4   0x0000006e   Code   RO         2106    i.f_readdir         ff.o
    0x08005222   0x000000b0   Code   RO         2109    i.f_sync            ff.o
    0x080052d2   0x0000021e   Code   RO         2113    i.f_write           ff.o
    0x080054f0   0x00000098   Code   RO         2382    i.ff_convert        mycc936.o
    0x08005588   0x0000000e   Code   RO         1968    i.ff_memalloc       diskio.o
    0x08005596   0x0000000e   Code   RO         1969    i.ff_memfree        diskio.o
    0x080055a4   0x00000038   Code   RO         2383    i.ff_wtoupper       mycc936.o
    0x080055dc   0x00000080   Code   RO         2114    i.fit_lfn           ff.o
    0x0800565c   0x00000092   Code   RO         2115    i.follow_path       ff.o
    0x080056ee   0x00000002   PAD
    0x080056f0   0x00000020   Code   RO          621    i.fputc             usart.o
    0x08005710   0x000000be   Code   RO         2116    i.gen_numname       ff.o
    0x080057ce   0x000000e4   Code   RO         2117    i.get_fat           ff.o
    0x080058b2   0x00000004   Code   RO         1970    i.get_fattime       diskio.o
    0x080058b6   0x0000013c   Code   RO         2118    i.get_fileinfo      ff.o
    0x080059f2   0x00000020   Code   RO         2119    i.ld_clust          ff.o
    0x08005a12   0x00000002   PAD
    0x08005a14   0x00000040   Code   RO         2424    i.low_fix_trans_bug  lower.o
    0x08005a54   0x00000034   Code   RO         2425    i.low_fix_trans_bug_read_byte  lower.o
    0x08005a88   0x00000020   Code   RO         2426    i.low_fix_trans_bug_read_byte_ack  lower.o
    0x08005aa8   0x0000000c   Code   RO         2427    i.lower_get_state   lower.o
    0x08005ab4   0x0000000c   Code   RO         2428    i.lower_set_state   lower.o
    0x08005ac0   0x00000040   Code   RO         2429    i.lower_uart_reset  lower.o
    0x08005b00   0x00000064   Code   RO         2430    i.lower_uart_rx     lower.o
    0x08005b64   0x00000078   Code   RO         2431    i.lower_uart_rx_ack  lower.o
    0x08005bdc   0x00000048   Code   RO         2432    i.lower_uart_rx_content  lower.o
    0x08005c24   0x00000070   Code   RO         2433    i.lower_uart_rx_hand_shake  lower.o
    0x08005c94   0x00000074   Code   RO         2434    i.lower_uart_rx_idle  lower.o
    0x08005d08   0x00000052   Code   RO         2435    i.lower_uart_tx     lower.o
    0x08005d5a   0x00000002   PAD
    0x08005d5c   0x000001bc   Code   RO         2436    i.lower_uart_tx_bin  lower.o
    0x08005f18   0x00000028   Code   RO         2437    i.lower_uart_tx_disconnect  lower.o
    0x08005f40   0x00000358   Code   RO         1908    i.main              main.o
    0x08006298   0x00000026   Code   RO         2120    i.mem_cmp           ff.o
    0x080062be   0x0000001a   Code   RO         2121    i.mem_cpy           ff.o
    0x080062d8   0x0000006c   Code   RO          458    i.mem_free          malloc.o
    0x08006344   0x00000044   Code   RO          459    i.mem_init          malloc.o
    0x08006388   0x000000b0   Code   RO          460    i.mem_malloc        malloc.o
    0x08006438   0x00000040   Code   RO          461    i.mem_perused       malloc.o
    0x08006478   0x00000014   Code   RO         2122    i.mem_set           ff.o
    0x0800648c   0x00000072   Code   RO         2123    i.move_window       ff.o
    0x080064fe   0x00000002   PAD
    0x08006500   0x00000024   Code   RO          462    i.myfree            malloc.o
    0x08006524   0x00000028   Code   RO          463    i.mymalloc          malloc.o
    0x0800654c   0x00000014   Code   RO          465    i.mymemset          malloc.o
    0x08006560   0x00000074   Code   RO         2124    i.pick_lfn          ff.o
    0x080065d4   0x00000034   Code   RO          434    i.power_control_pin_init  power_control.o
    0x08006608   0x00000014   Code   RO          435    i.power_control_pin_off  power_control.o
    0x0800661c   0x00000014   Code   RO          436    i.power_control_pin_on  power_control.o
    0x08006630   0x00000136   Code   RO         2125    i.put_fat           ff.o
    0x08006766   0x00000068   Code   RO         2126    i.remove_chain      ff.o
    0x080067ce   0x00000010   Code   RO         2127    i.st_clust          ff.o
    0x080067de   0x00000020   Code   RO         2128    i.sum_sfn           ff.o
    0x080067fe   0x000000ca   Code   RO         2129    i.sync              ff.o
    0x080068c8   0x0000001c   Code   RO          623    i.uart2_tx          usart.o
    0x080068e4   0x00000158   Code   RO          624    i.uart_init         usart.o
    0x08006a3c   0x0000001c   Code   RO         2438    i.uart_tx           lower.o
    0x08006a58   0x0000005c   Code   RO         1909    i.usb_port_set      main.o
    0x08006ab4   0x00000034   Code   RO         2130    i.validate          ff.o
    0x08006ae8   0x000000c4   Code   RO         2596    x$fpl$fadd          fz_ws.l(faddsub_clz.o)
    0x08006bac   0x00000184   Code   RO         2603    x$fpl$fdiv          fz_ws.l(fdiv.o)
    0x08006d30   0x0000003e   Code   RO         2606    x$fpl$ffixu         fz_ws.l(ffixu.o)
    0x08006d6e   0x00000002   PAD
    0x08006d70   0x00000026   Code   RO         2610    x$fpl$ffltu         fz_ws.l(fflt_clz.o)
    0x08006d96   0x00000002   PAD
    0x08006d98   0x00000102   Code   RO         2616    x$fpl$fmul          fz_ws.l(fmul.o)
    0x08006e9a   0x0000008c   Code   RO         2630    x$fpl$fnaninf       fz_ws.l(fnaninf.o)
    0x08006f26   0x0000000a   Code   RO         2632    x$fpl$fretinf       fz_ws.l(fretinf.o)
    0x08006f30   0x00000014   Code   RO         2597    x$fpl$frsb          fz_ws.l(faddsub_clz.o)
    0x08006f44   0x000000ea   Code   RO         2598    x$fpl$fsub          fz_ws.l(faddsub_clz.o)
    0x0800702e   0x00000000   Code   RO         2634    x$fpl$usenofp       fz_ws.l(usenofp.o)
    0x0800702e   0x00000002   PAD
    0x08007030   0x00000018   Data   RO          470    .constdata          malloc.o
    0x08007048   0x00000080   Data   RO         1037    .constdata          usb_desc.o
    0x080070c8   0x0000003a   Data   RO         2131    .constdata          ff.o
    0x08007102   0x000003c0   Data   RO         2384    .constdata          mycc936.o
    0x080074c2   0x0000001d   Data   RO         2440    .constdata          lower.o
    0x080074df   0x00000028   Data   RO         2544    .constdata          c_w.l(_printf_hex_int.o)
    0x08007507   0x00000001   PAD
    0x08007508   0x00000064   Data   RO         2032    .conststring        exfuns.o
    0x0800756c   0x00000020   Data   RO         2801    Region$$Table       anon$$obj.o


    Execution Region RW_IRAM1 (Base: 0x20000000, Size: 0x0000c9a8, Max: 0x00010000, ABSOLUTE, COMPRESSED[0x00000128])

    Base Addr    Size         Type   Attr      Idx    E Section Name        Object

    0x20000000   0x00000002   Data   RW           26    .data               flash.o
    0x20000002   0x00000005   Data   RW          217    .data               timer.o
    0x20000007   0x00000001   Data   RW          301    .data               mmc_sd.o
    0x20000008   0x00000003   Data   RW          402    .data               exti.o
    0x2000000b   0x00000001   PAD
    0x2000000c   0x0000001c   Data   RW          471    .data               malloc.o
    0x20000028   0x00000004   Data   RW          531    .data               delay.o
    0x2000002c   0x00000006   Data   RW          626    .data               usart.o
    0x20000032   0x00000002   PAD
    0x20000034   0x00000010   Data   RW          782    .data               mass_mal.o
    0x20000044   0x00000024   Data   RW          825    .data               memory.o
    0x20000068   0x00000080   Data   RW          934    .data               scsi_data.o
    0x200000e8   0x0000000c   Data   RW          997    .data               usb_bot.o
    0x200000f4   0x0000001a   Data   RW         1038    .data               usb_desc.o
    0x2000010e   0x00000002   PAD
    0x20000110   0x0000003c   Data   RW         1087    .data               usb_istr.o
    0x2000014c   0x00000094   Data   RW         1122    .data               usb_prop.o
    0x200001e0   0x00000007   Data   RW         1218    .data               usb_pwr.o
    0x200001e7   0x00000001   PAD
    0x200001e8   0x00000003   Data   RW         1377    .data               usb_core.o
    0x200001eb   0x00000001   PAD
    0x200001ec   0x00000014   Data   RW         1479    .data               usb_init.o
    0x20000200   0x00000004   Data   RW         1502    .data               usb_int.o
    0x20000204   0x0000000c   Data   RW         1911    .data               main.o
    0x20000210   0x00000002   Data   RW         1971    .data               diskio.o
    0x20000212   0x00000002   PAD
    0x20000214   0x00000154   Data   RW         2033    .data               exfuns.o
    0x20000368   0x0000000a   Data   RW         2132    .data               ff.o
    0x20000372   0x00000002   PAD
    0x20000374   0x00000028   Data   RW         2441    .data               lower.o
    0x2000039c   0x00001000   Zero   RW           25    .bss                flash.o
    0x2000139c   0x0000aa00   Zero   RW          469    .bss                malloc.o
    0x2000bd9c   0x000000c8   Zero   RW          625    .bss                usart.o
    0x2000be64   0x00000004   PAD
    0x2000be68   0x00000010   Zero   RW          781    .bss                mass_mal.o
    0x2000be78   0x00000200   Zero   RW          824    .bss                memory.o
    0x2000c078   0x00000070   Zero   RW          996    .bss                usb_bot.o
    0x2000c0e8   0x0000001c   Zero   RW         1478    .bss                usb_init.o
    0x2000c104   0x00000020   Zero   RW         1910    .bss                main.o
    0x2000c124   0x00000019   Zero   RW         2406    .bss                fontupd.o
    0x2000c13d   0x00000009   Zero   RW         2439    .bss                lower.o
    0x2000c146   0x00000002   PAD
    0x2000c148   0x00000060   Zero   RW         2675    .bss                c_w.l(libspace.o)
    0x2000c1a8   0x00000000   Zero   RW            2    HEAP                startup_stm32f10x_hd.o
    0x2000c1a8   0x00000800   Zero   RW            1    STACK               startup_stm32f10x_hd.o



  Load Region LR$$.ARM.__AT_0x68000000 (Base: 0x68000000, Size: 0x00000000, Max: 0x00032000, ABSOLUTE)

    Execution Region ER$$.ARM.__AT_0x68000000 (Base: 0x68000000, Size: 0x00032000, Max: 0x00032000, ABSOLUTE, UNINIT)

    Base Addr    Size         Type   Attr      Idx    E Section Name        Object

    0x68000000   0x00032000   Zero   RW          467    .ARM.__AT_0x68000000  malloc.o



  Load Region LR$$.ARM.__AT_0x68032000 (Base: 0x68032000, Size: 0x00000000, Max: 0x00003200, ABSOLUTE)

    Execution Region ER$$.ARM.__AT_0x68032000 (Base: 0x68032000, Size: 0x00003200, Max: 0x00003200, ABSOLUTE, UNINIT)

    Base Addr    Size         Type   Attr      Idx    E Section Name        Object

    0x68032000   0x00003200   Zero   RW          468    .ARM.__AT_0x68032000  malloc.o


==============================================================================

Image component sizes


      Code (inc. data)   RO Data    RW Data    ZI Data      Debug   Object Name

       124         12          0          4          0       1160   delay.o
       546         18          0          2          0       6532   diskio.o
       128         18        100        340          0       4022   exfuns.o
       260         54          0          3          0       2141   exti.o
      8066         66         58         10          0      36681   ff.o
       856         78          0          2       4096       9185   flash.o
         0          0          0          0         25        698   fontupd.o
       210         32          0          0          0       6071   hw_config.o
        60          8          0          0          0        415   led.o
      1350        244         29         40          9       9884   lower.o
       948        110          0         12         32       6158   main.o
       512         60         24         28     261120       6021   malloc.o
       162          0          0         16         16       2863   mass_mal.o
       616         88          0         36        512       3634   memory.o
      1402         46          0          1          0      10298   mmc_sd.o
       208         16        960          0          0       1859   mycc936.o
        92         22          0          0          0       1368   power_control.o
         0          0          0        128          0       1038   scsi_data.o
       312         28          0          0          0       1553   spi.o
        72         26        304          0       2048        880   startup_stm32f10x_hd.o
        16          0          0          0          0        965   stm32f10x_it.o
       620         62          0          0          0       3569   sys.o
       312         48          0          5          0       1745   timer.o
       574         54          0          6        200       4979   usart.o
      1228        114          0         12        112       4439   usb_bot.o
      3010        288          0          3          0      13675   usb_core.o
         0          0        128         26          0        944   usb_desc.o
        16          0          0          0          0       4481   usb_endp.o
        60         24          0         20         28       3934   usb_init.o
      1008         60          0          4          0       2106   usb_int.o
        80         18          0         60          0       1248   usb_istr.o
        96         10          0          0          0       1648   usb_mem.o
       718        128          0        148          0      11162   usb_prop.o
        64         10          0          7          0       1853   usb_pwr.o
       628        100          0          0          0       8560   usb_regs.o
      1086        130          0          0          0       9218   usb_scsi.o

    ----------------------------------------------------------------------
     25472       1972       1635        924     268204     186987   Object Totals
         0          0         32          0          0          0   (incl. Generated)
        32          0          0         11          6          0   (incl. Padding)

    ----------------------------------------------------------------------

      Code (inc. data)   RO Data    RW Data    ZI Data      Debug   Library Member Name

        90          0          0          0          0          0   __dczerorl2.o
         8          0          0          0          0         68   __main.o
       104          0          0          0          0         84   __printf.o
         0          0          0          0          0          0   __rtentry.o
        12          0          0          0          0          0   __rtentry2.o
         6          0          0          0          0          0   __rtentry4.o
        52          8          0          0          0          0   __scatter.o
        28          0          0          0          0          0   __scatter_zi.o
        48          6          0          0          0         96   _printf_char_common.o
        36          4          0          0          0         80   _printf_char_file.o
         6          0          0          0          0          0   _printf_d.o
       120         16          0          0          0         92   _printf_dec.o
        88          4         40          0          0         88   _printf_hex_int.o
       178          0          0          0          0         88   _printf_intcommon.o
         0          0          0          0          0          0   _printf_percent.o
         4          0          0          0          0          0   _printf_percent_end.o
         6          0          0          0          0          0   _printf_x.o
        18          0          0          0          0         80   exit.o
         8          0          0          0          0         68   ferror.o
         6          0          0          0          0        152   heapauxi.o
         2          0          0          0          0          0   libinit.o
         2          0          0          0          0          0   libinit2.o
         2          0          0          0          0          0   libshutdown.o
         2          0          0          0          0          0   libshutdown2.o
         8          4          0          0         96         68   libspace.o
        72          0          0          0          0         76   llsdiv.o
       238          0          0          0          0        100   lludivv7m.o
        88          0          0          0          0         76   memcmp.o
        24          4          0          0          0         84   noretval__2printf.o
       138          0          0          0          0         68   rt_memcpy_v6.o
       100          0          0          0          0         80   rt_memcpy_w.o
         2          0          0          0          0          0   rtexit.o
        10          0          0          0          0          0   rtexit2.o
        74          0          0          0          0         80   sys_stackheap_outer.o
         2          0          0          0          0         68   use_no_semi.o
         2          0          0          0          0         68   use_no_semi_2.o
       450          8          0          0          0        236   faddsub_clz.o
       388         76          0          0          0         96   fdiv.o
        62          4          0          0          0         84   ffixu.o
        38          0          0          0          0         68   fflt_clz.o
       258          4          0          0          0         84   fmul.o
       140          4          0          0          0         84   fnaninf.o
        10          0          0          0          0         68   fretinf.o
         0          0          0          0          0          0   usenofp.o

    ----------------------------------------------------------------------
      2944        142         41          0         96       2384   Library Totals
        14          0          1          0          0          0   (incl. Padding)

    ----------------------------------------------------------------------

      Code (inc. data)   RO Data    RW Data    ZI Data      Debug   Library Name

      1584         46         40          0         96       1664   c_w.l
      1346         96          0          0          0        720   fz_ws.l

    ----------------------------------------------------------------------
      2944        142         41          0         96       2384   Library Totals

    ----------------------------------------------------------------------

==============================================================================


      Code (inc. data)   RO Data    RW Data    ZI Data      Debug   

     28416       2114       1676        924     268300     176835   Grand Totals
     28416       2114       1676        296     268300     176835   ELF Image Totals (compressed)
     28416       2114       1676        296          0          0   ROM Totals

==============================================================================

    Total RO  Size (Code + RO Data)                30092 (  29.39kB)
    Total RW  Size (RW Data + ZI Data)            269224 ( 262.91kB)
    Total ROM Size (Code + RO Data + RW Data)      30388 (  29.68kB)

==============================================================================

